Archive member included to satisfy reference by file (symbol)

ym/microbit/source/microbit.a(MicroBit.cpp.o)
                              source/CMakeFiles/iot-example.dir/home/student/IoT-Challenge1/source/main.cpp.o (MicroBit::MicroBit())
ym/microbit-dal/source/microbit-dal.a(MicroBitDevice.cpp.o)
                              ym/microbit/source/microbit.a(MicroBit.cpp.o) (microbit_serial_number())
ym/microbit-dal/source/microbit-dal.a(MicroBitFiber.cpp.o)
                              ym/microbit/source/microbit.a(MicroBit.cpp.o) (scheduler_init(EventModel&))
ym/microbit-dal/source/microbit-dal.a(MicroBitFont.cpp.o)
                              ym/microbit-dal/source/microbit-dal.a(MicroBitDevice.cpp.o) (MicroBitFont::defaultFont)
ym/microbit-dal/source/microbit-dal.a(MicroBitHeapAllocator.cpp.o)
                              ym/microbit/source/microbit.a(MicroBit.cpp.o) (microbit_create_heap(unsigned long, unsigned long))
ym/microbit-dal/source/microbit-dal.a(MicroBitListener.cpp.o)
                              source/CMakeFiles/iot-example.dir/home/student/IoT-Challenge1/source/main.cpp.o (MicroBitListener::MicroBitListener(unsigned short, unsigned short, void (*)(MicroBitEvent), unsigned short))
ym/microbit-dal/source/microbit-dal.a(MicroBitSystemTimer.cpp.o)
                              ym/microbit-dal/source/microbit-dal.a(MicroBitFiber.cpp.o) (system_timer_current_time())
ym/microbit-dal/source/microbit-dal.a(ManagedString.cpp.o)
                              source/CMakeFiles/iot-example.dir/home/student/IoT-Challenge1/source/main.cpp.o (ManagedString::~ManagedString())
ym/microbit-dal/source/microbit-dal.a(MicroBitEvent.cpp.o)
                              ym/microbit/source/microbit.a(MicroBit.cpp.o) (MicroBitEvent::MicroBitEvent())
ym/microbit-dal/source/microbit-dal.a(PacketBuffer.cpp.o)
                              ym/microbit-dal/source/microbit-dal.a(ManagedString.cpp.o) (PacketBuffer::getBytes())
ym/microbit-dal/source/microbit-dal.a(RefCounted.cpp.o)
                              ym/microbit-dal/source/microbit-dal.a(ManagedString.cpp.o) (RefCounted::init())
ym/microbit-dal/source/microbit-dal.a(MicroBitAccelerometer.cpp.o)
                              source/CMakeFiles/iot-example.dir/home/student/IoT-Challenge1/source/main.cpp.o (MicroBitAccelerometer::~MicroBitAccelerometer())
ym/microbit-dal/source/microbit-dal.a(MicroBitButton.cpp.o)
                              source/CMakeFiles/iot-example.dir/home/student/IoT-Challenge1/source/main.cpp.o (MicroBitButton::~MicroBitButton())
ym/microbit-dal/source/microbit-dal.a(MicroBitCompass.cpp.o)
                              source/CMakeFiles/iot-example.dir/home/student/IoT-Challenge1/source/main.cpp.o (MicroBitCompass::~MicroBitCompass())
ym/microbit-dal/source/microbit-dal.a(MicroBitCompassCalibrator.cpp.o)
                              ym/microbit/source/microbit.a(MicroBit.cpp.o) (MicroBitCompassCalibrator::MicroBitCompassCalibrator(MicroBitCompass&, MicroBitAccelerometer&, MicroBitDisplay&))
ym/microbit-dal/source/microbit-dal.a(MicroBitDisplay.cpp.o)
                              source/CMakeFiles/iot-example.dir/home/student/IoT-Challenge1/source/main.cpp.o (MicroBitDisplay::~MicroBitDisplay())
ym/microbit-dal/source/microbit-dal.a(MicroBitI2C.cpp.o)
                              ym/microbit/source/microbit.a(MicroBit.cpp.o) (MicroBitI2C::MicroBitI2C(PinName, PinName))
ym/microbit-dal/source/microbit-dal.a(MicroBitIO.cpp.o)
                              ym/microbit/source/microbit.a(MicroBit.cpp.o) (MicroBitIO::MicroBitIO(int, int, int, int, int, int, int, int, int, int, int, int, int, int, int, int, int, int, int))
ym/microbit-dal/source/microbit-dal.a(MicroBitLightSensor.cpp.o)
                              ym/microbit-dal/source/microbit-dal.a(MicroBitDisplay.cpp.o) (MicroBitLightSensor::read())
ym/microbit-dal/source/microbit-dal.a(MicroBitMessageBus.cpp.o)
                              ym/microbit/source/microbit.a(MicroBit.cpp.o) (MicroBitMessageBus::add(MicroBitListener*))
ym/microbit-dal/source/microbit-dal.a(MicroBitMultiButton.cpp.o)
                              ym/microbit/source/microbit.a(MicroBit.cpp.o) (MicroBitMultiButton::setEventConfiguration(MicroBitButtonEventConfiguration))
ym/microbit-dal/source/microbit-dal.a(MicroBitPin.cpp.o)
                              ym/microbit-dal/source/microbit-dal.a(MicroBitIO.cpp.o) (MicroBitPin::MicroBitPin(int, PinName, PinCapability))
ym/microbit-dal/source/microbit-dal.a(MicroBitRadio.cpp.o)
                              ym/microbit/source/microbit.a(MicroBit.cpp.o) (MicroBitRadio::MicroBitRadio(unsigned short))
ym/microbit-dal/source/microbit-dal.a(MicroBitRadioDatagram.cpp.o)
                              ym/microbit-dal/source/microbit-dal.a(MicroBitRadio.cpp.o) (MicroBitRadioDatagram::MicroBitRadioDatagram(MicroBitRadio&))
ym/microbit-dal/source/microbit-dal.a(MicroBitRadioEvent.cpp.o)
[...]
Memory Configuration

Name             Origin             Length             Attributes
FLASH            0x0000000000018000 0x0000000000028000 xr
RAM              0x0000000020002000 0x0000000000002000 xrw
*default*        0x0000000000000000 0xffffffffffffffff

Linker script and memory map

LOAD /usr/bin/../lib/gcc/arm-none-eabi/7.2.1/thumb/v6-m/crti.o
LOAD /usr/bin/../lib/gcc/arm-none-eabi/7.2.1/thumb/v6-m/crtbegin.o
LOAD /usr/bin/../lib/gcc/arm-none-eabi/7.2.1/../../../../arm-none-eabi/lib/thumb/v6-m/crt0.o
START GROUP
LOAD source/CMakeFiles/iot-example.dir/home/student/IoT-Challenge1/source/main.cpp.o
LOAD ym/microbit/source/microbit.a
LOAD ym/microbit-dal/source/microbit-dal.a
LOAD ym/ble/source/ble.a
LOAD ym/ble-nrf51822/source/ble-nrf51822.a
LOAD ym/ble/source/ble.a
LOAD ym/ble-nrf51822/source/ble-nrf51822.a
LOAD ym/nrf51-sdk/source/nrf51-sdk.a
LOAD ym/mbed-classic/existing/mbed-classic.a
LOAD /usr/bin/../lib/gcc/arm-none-eabi/7.2.1/../../../../arm-none-eabi/lib/thumb/v6-m/libnosys.a
LOAD /usr/bin/../lib/gcc/arm-none-eabi/7.2.1/../../../../arm-none-eabi/lib/thumb/v6-m/libstdc++_nano.a
LOAD /usr/bin/../lib/gcc/arm-none-eabi/7.2.1/../../../../arm-none-eabi/lib/thumb/v6-m/libsupc++_nano.a
LOAD /usr/bin/../lib/gcc/arm-none-eabi/7.2.1/thumb/v6-m/libgcc.a
LOAD /usr/bin/../lib/gcc/arm-none-eabi/7.2.1/../../../../arm-none-eabi/lib/thumb/v6-m/libstdc++_nano.a
LOAD /usr/bin/../lib/gcc/arm-none-eabi/7.2.1/../../../../arm-none-eabi/lib/thumb/v6-m/libsupc++_nano.a
LOAD /usr/bin/../lib/gcc/arm-none-eabi/7.2.1/../../../../arm-none-eabi/lib/thumb/v6-m/libm.a
LOAD /usr/bin/../lib/gcc/arm-none-eabi/7.2.1/../../../../arm-none-eabi/lib/thumb/v6-m/libc_nano.a
LOAD /usr/bin/../lib/gcc/arm-none-eabi/7.2.1/thumb/v6-m/libgcc.a
END GROUP
LOAD /usr/bin/../lib/gcc/arm-none-eabi/7.2.1/../../../../arm-none-eabi/lib/thumb/v6-m/libstdc++_nano.a
LOAD /usr/bin/../lib/gcc/arm-none-eabi/7.2.1/../../../../arm-none-eabi/lib/thumb/v6-m/libm.a
LOAD /usr/bin/../lib/gcc/arm-none-eabi/7.2.1/../../../../arm-none-eabi/lib/thumb/v6-m/libc_nano.a
START GROUP
LOAD /usr/bin/../lib/gcc/arm-none-eabi/7.2.1/thumb/v6-m/libgcc.a
LOAD /usr/bin/../lib/gcc/arm-none-eabi/7.2.1/../../../../arm-none-eabi/lib/thumb/v6-m/libc_nano.a
END GROUP
START GROUP
LOAD /usr/bin/../lib/gcc/arm-none-eabi/7.2.1/thumb/v6-m/libgcc.a
LOAD /usr/bin/../lib/gcc/arm-none-eabi/7.2.1/../../../../arm-none-eabi/lib/thumb/v6-m/libc_nano.a
END GROUP
LOAD /usr/bin/../lib/gcc/arm-none-eabi/7.2.1/thumb/v6-m/crtend.o
LOAD /usr/bin/../lib/gcc/arm-none-eabi/7.2.1/thumb/v6-m/crtn.o

.text           0x0000000000018000    0x1261c
 *(SORT_BY_ALIGNMENT(.Vectors))
 .Vectors       0x0000000000018000       0xc0 ym/mbed-classic/existing/mbed-classic.a(startup_NRF51822.S.obj)
                0x0000000000018000                __Vectors
 *(SORT_BY_ALIGNMENT(.text*))
 .text          0x00000000000180c0       0x48 /usr/bin/../lib/gcc/arm-none-eabi/7.2.1/thumb/v6-m/crtbegin.o
 .text          0x0000000000018108       0x78 /usr/bin/../lib/gcc/arm-none-eabi/7.2.1/../../../../arm-none-eabi/lib/thumb/v6-m/crt0.o
                0x0000000000018108                _mainCRTStartup
                0x0000000000018108                _start
 .text._Z11on_button_A13MicroBitEvent
                0x0000000000018180       0x10 source/CMakeFiles/iot-example.dir/home/student/IoT-Challenge1/source/main.cpp.o
                0x0000000000018180                on_button_A(MicroBitEvent)
 .text._Z11on_button_B13MicroBitEvent
                0x0000000000018190       0x10 source/CMakeFiles/iot-example.dir/home/student/IoT-Challenge1/source/main.cpp.o
                0x0000000000018190                on_button_B(MicroBitEvent)
 .text._ZN14MicroBitSerialD2Ev
                0x00000000000181a0       0x18 source/CMakeFiles/iot-example.dir/home/student/IoT-Challenge1/source/main.cpp.o
                0x00000000000181a0                MicroBitSerial::~MicroBitSerial()
                0x00000000000181a0                MicroBitSerial::~MicroBitSerial()
 .text._ZN10EventModel6listenEiiPFv13MicroBitEventEt
                0x00000000000181b8       0x60 source/CMakeFiles/iot-example.dir/home/student/IoT-Challenge1/source/main.cpp.o
                0x00000000000181b8                EventModel::listen(int, int, void (*)(MicroBitEvent), unsigned short)
 .text._Z18get_input_sequencev
                0x0000000000018218       0x3c source/CMakeFiles/iot-example.dir/home/student/IoT-Challenge1/source/main.cpp.o
                0x0000000000018218                get_input_sequence()
 .text.startup.main
                0x0000000000018254      0x124 source/CMakeFiles/iot-example.dir/home/student/IoT-Challenge1/source/main.cpp.o
                0x0000000000018254                main
 .text.startup._GLOBAL__sub_I_uBit
                0x0000000000018378       0x24 source/CMakeFiles/iot-example.dir/home/student/IoT-Challenge1/source/main.cpp.o
 .text._ZN8MicroBitD2Ev
                0x000000000001839c       0x6c source/CMakeFiles/iot-example.dir/home/student/IoT-Challenge1/source/main.cpp.o
                0x000000000001839c                MicroBit::~MicroBit()
                0x000000000001839c                MicroBit::~MicroBit()
 .text._ZN8MicroBitC2Ev
                0x0000000000018408      0x180 ym/microbit/source/microbit.a(MicroBit.cpp.o)
                0x0000000000018408                MicroBit::MicroBit()
                0x0000000000018408                MicroBit::MicroBit()
 .text._ZN8MicroBit4initEv
                0x0000000000018588      0x184 ym/microbit/source/microbit.a(MicroBit.cpp.o)
                0x0000000000018588                MicroBit::init()
 .text.NVIC_SystemReset
                0x000000000001870c       0x18 ym/microbit-dal/source/microbit-dal.a(MicroBitDevice.cpp.o)
 .text._Z22microbit_friendly_namev
                0x0000000000018724       0x68 ym/microbit-dal/source/microbit-dal.a(MicroBitDevice.cpp.o)
                0x0000000000018724                microbit_friendly_name()
 .text._Z14microbit_panici
                0x000000000001878c      0x170 ym/microbit-dal/source/microbit-dal.a(MicroBitDevice.cpp.o)
                0x000000000001878c                microbit_panic(int)
 .text._Z20microbit_seed_randomv
                0x00000000000188fc       0x60 ym/microbit-dal/source/microbit-dal.a(MicroBitDevice.cpp.o)
                0x00000000000188fc                microbit_seed_random()
 .text._Z14scheduler_tickv
                0x000000000001895c       0x38 ym/microbit-dal/source/microbit-dal.a(MicroBitFiber.cpp.o)
                0x000000000001895c                scheduler_tick()
 .text._Z15scheduler_event13MicroBitEvent
                0x0000000000018994       0xcc ym/microbit-dal/source/microbit-dal.a(MicroBitFiber.cpp.o)
                0x0000000000018994                scheduler_event(MicroBitEvent)
 .text._Z15getFiberContextv
                0x0000000000018a60       0x3c ym/microbit-dal/source/microbit-dal.a(MicroBitFiber.cpp.o)
                0x0000000000018a60                getFiberContext()
 .text._Z23fiber_scheduler_runningv
                0x0000000000018a9c       0x10 ym/microbit-dal/source/microbit-dal.a(MicroBitFiber.cpp.o)
                0x0000000000018a9c                fiber_scheduler_running()
 .text._Z14scheduler_initR10EventModel
                0x0000000000018aac       0xa8 ym/microbit-dal/source/microbit-dal.a(MicroBitFiber.cpp.o)
                0x0000000000018aac                scheduler_init(EventModel&)
 .text._Z14__create_fibermmmi
                0x0000000000018b54       0x50 ym/microbit-dal/source/microbit-dal.a(MicroBitFiber.cpp.o)
                0x0000000000018b54                __create_fiber(unsigned long, unsigned long, unsigned long, int)
 .text._Z24scheduler_runqueue_emptyv
                0x0000000000018ba4       0x10 ym/microbit-dal/source/microbit-dal.a(MicroBitFiber.cpp.o)
                0x0000000000018ba4                scheduler_runqueue_empty()
 .text._Z24fiber_add_idle_componentP17MicroBitComponent
                0x0000000000018bb4       0x1c ym/microbit-dal/source/microbit-dal.a(MicroBitFiber.cpp.o)
                0x0000000000018bb4                fiber_add_idle_component(MicroBitComponent*)
 .text._Z27fiber_remove_idle_componentP17MicroBitComponent
                0x0000000000018bd0       0x1c ym/microbit-dal/source/microbit-dal.a(MicroBitFiber.cpp.o)
                0x0000000000018bd0                fiber_remove_idle_component(MicroBitComponent*)
 .text._Z4idlev
                0x0000000000018bec       0x30 ym/microbit-dal/source/microbit-dal.a(MicroBitFiber.cpp.o)
                0x0000000000018bec                idle()
 .text._Z8schedulev
                0x0000000000018c1c       0xc8 ym/microbit-dal/source/microbit-dal.a(MicroBitFiber.cpp.o)
                0x0000000000018c1c                schedule()
 .text._Z11fiber_sleepm
                0x0000000000018ce4       0x54 ym/microbit-dal/source/microbit-dal.a(MicroBitFiber.cpp.o)
                0x0000000000018ce4                fiber_sleep(unsigned long)
 .text._Z19fiber_wake_on_eventtt
                0x0000000000018d38       0x9c ym/microbit-dal/source/microbit-dal.a(MicroBitFiber.cpp.o)
                0x0000000000018d38                fiber_wake_on_event(unsigned short, unsigned short)
 .text._Z13release_fiberv
                0x0000000000018dd4       0x28 ym/microbit-dal/source/microbit-dal.a(MicroBitFiber.cpp.o)
                0x0000000000018dd4                release_fiber()
 .text._Z6invokePFvPvES_
                0x0000000000018dfc       0x80 ym/microbit-dal/source/microbit-dal.a(MicroBitFiber.cpp.o)
                0x0000000000018dfc                invoke(void (*)(void*), void*)
 .text._ZN12MicroBitFont13getSystemFontEv
                0x0000000000018e7c       0x10 ym/microbit-dal/source/microbit-dal.a(MicroBitFont.cpp.o)
                0x0000000000018e7c                MicroBitFont::getSystemFont()
 .text.startup._GLOBAL__sub_I__ZN12MicroBitFont11defaultFontE
                0x0000000000018e8c       0x18 ym/microbit-dal/source/microbit-dal.a(MicroBitFont.cpp.o)
 .text._Z20microbit_create_heapmm
                0x0000000000018ea4       0x54 ym/microbit-dal/source/microbit-dal.a(MicroBitHeapAllocator.cpp.o)
                0x0000000000018ea4                microbit_create_heap(unsigned long, unsigned long)
 .text._Z27microbit_create_nested_heapf
                0x0000000000018ef8       0x70 ym/microbit-dal/source/microbit-dal.a(MicroBitHeapAllocator.cpp.o)
                0x0000000000018ef8                microbit_create_nested_heap(float)
 .text._Z15microbit_mallocj
                0x0000000000018f68       0x40 ym/microbit-dal/source/microbit-dal.a(MicroBitHeapAllocator.cpp.o)
                0x0000000000018f68                microbit_malloc(unsigned int)
 .text._Z13microbit_freePv
                0x0000000000018fa8       0x44 ym/microbit-dal/source/microbit-dal.a(MicroBitHeapAllocator.cpp.o)
                0x0000000000018fa8                microbit_free(void*)
 .text._Z23system_timer_set_periodi
                0x0000000000018fec       0x44 ym/microbit-dal/source/microbit-dal.a(MicroBitSystemTimer.cpp.o)
                0x0000000000018fec                system_timer_set_period(int)
 .text._Z17system_timer_initi
                0x0000000000019030       0x54 ym/microbit-dal/source/microbit-dal.a(MicroBitSystemTimer.cpp.o)
                0x0000000000019030                system_timer_init(int)
 .text._Z23system_timer_get_periodv
                0x0000000000019084        0xc ym/microbit-dal/source/microbit-dal.a(MicroBitSystemTimer.cpp.o)
                0x0000000000019084                system_timer_get_period()
 .text._Z11update_timev
                0x0000000000019090       0x44 ym/microbit-dal/source/microbit-dal.a(MicroBitSystemTimer.cpp.o)
                0x0000000000019090                update_time()
 .text._Z17system_timer_tickv
                0x00000000000190d4       0x24 ym/microbit-dal/source/microbit-dal.a(MicroBitSystemTimer.cpp.o)
                0x00000000000190d4                system_timer_tick()
 .text._Z25system_timer_current_timev
                0x00000000000190f8       0x1c ym/microbit-dal/source/microbit-dal.a(MicroBitSystemTimer.cpp.o)
                0x00000000000190f8                system_timer_current_time()
 .text._Z28system_timer_current_time_usv
                0x0000000000019114       0x14 ym/microbit-dal/source/microbit-dal.a(MicroBitSystemTimer.cpp.o)
                0x0000000000019114                system_timer_current_time_us()
 .text._Z26system_timer_add_componentP17MicroBitComponent
                0x0000000000019128       0x3c ym/microbit-dal/source/microbit-dal.a(MicroBitSystemTimer.cpp.o)
                0x0000000000019128                system_timer_add_component(MicroBitComponent*)
 .text._Z29system_timer_remove_componentP17MicroBitComponent
                0x0000000000019164       0x1c ym/microbit-dal/source/microbit-dal.a(MicroBitSystemTimer.cpp.o)
                0x0000000000019164                system_timer_remove_component(MicroBitComponent*)
 .text._ZN13ManagedStringC2EPKc
                0x0000000000019180       0x20 ym/microbit-dal/source/microbit-dal.a(ManagedString.cpp.o)
                0x0000000000019180                ManagedString::ManagedString(char const*)
                0x0000000000019180                ManagedString::ManagedString(char const*)
 .text._ZN13ManagedStringC2EPKcs
                0x00000000000191a0       0x54 ym/microbit-dal/source/microbit-dal.a(ManagedString.cpp.o)
                0x00000000000191a0                ManagedString::ManagedString(char const*, short)
                0x00000000000191a0                ManagedString::ManagedString(char const*, short)
 .text._ZN13ManagedStringC2Ev
                0x00000000000191f4        0xc ym/microbit-dal/source/microbit-dal.a(ManagedString.cpp.o)
                0x00000000000191f4                ManagedString::ManagedString()
                0x00000000000191f4                ManagedString::ManagedString()
 .text.startup._GLOBAL__sub_I__ZN13ManagedString9initEmptyEv
                0x0000000000019200       0x28 ym/microbit-dal/source/microbit-dal.a(ManagedString.cpp.o)
 .text._ZN13MicroBitEvent4fireEv
                0x0000000000019228       0x28 ym/microbit-dal/source/microbit-dal.a(MicroBitEvent.cpp.o)
                0x0000000000019228                MicroBitEvent::fire()
 .text.startup._GLOBAL__sub_I__ZN12PacketBuffer11EmptyPacketE
                0x0000000000019250       0x24 ym/microbit-dal/source/microbit-dal.a(PacketBuffer.cpp.o)
 .text._ZL16isReadOnlyInlineP10RefCounted
                0x0000000000019274       0x24 ym/microbit-dal/source/microbit-dal.a(RefCounted.cpp.o)
 .text._ZN21MicroBitAccelerometerD2Ev
                0x0000000000019298       0x18 ym/microbit-dal/source/microbit-dal.a(MicroBitAccelerometer.cpp.o)
                0x0000000000019298                MicroBitAccelerometer::~MicroBitAccelerometer()
                0x0000000000019298                MicroBitAccelerometer::~MicroBitAccelerometer()
 .text._ZN21MicroBitAccelerometer9configureEv
                0x00000000000192b0       0xfc ym/microbit-dal/source/microbit-dal.a(MicroBitAccelerometer.cpp.o)
                0x00000000000192b0                MicroBitAccelerometer::configure()
 .text._ZN21MicroBitAccelerometer11readCommandEhPhi
                0x00000000000193ac       0x4c ym/microbit-dal/source/microbit-dal.a(MicroBitAccelerometer.cpp.o)
                0x00000000000193ac                MicroBitAccelerometer::readCommand(unsigned char, unsigned char*, int)
 .text._ZN21MicroBitAccelerometerC2ER11MicroBitI2Ctt
                0x00000000000193f8       0x88 ym/microbit-dal/source/microbit-dal.a(MicroBitAccelerometer.cpp.o)
                0x00000000000193f8                MicroBitAccelerometer::MicroBitAccelerometer(MicroBitI2C&, unsigned short, unsigned short)
                0x00000000000193f8                MicroBitAccelerometer::MicroBitAccelerometer(MicroBitI2C&, unsigned short, unsigned short)
 .text._ZN21MicroBitAccelerometer12updateSampleEv
                0x0000000000019480       0x80 ym/microbit-dal/source/microbit-dal.a(MicroBitAccelerometer.cpp.o)
                0x0000000000019480                MicroBitAccelerometer::updateSample()
 .text._ZN21MicroBitAccelerometer20instantaneousPostureEv
                0x0000000000019500      0x200 ym/microbit-dal/source/microbit-dal.a(MicroBitAccelerometer.cpp.o)
                0x0000000000019500                MicroBitAccelerometer::instantaneousPosture()
 .text._ZN14MicroBitButton10systemTickEv
                0x0000000000019700       0xdc ym/microbit-dal/source/microbit-dal.a(MicroBitButton.cpp.o)
                0x0000000000019700                MicroBitButton::systemTick()
 .text._ZN14MicroBitButtonD2Ev
                0x00000000000197dc       0x18 ym/microbit-dal/source/microbit-dal.a(MicroBitButton.cpp.o)
                0x00000000000197dc                MicroBitButton::~MicroBitButton()
                0x00000000000197dc                MicroBitButton::~MicroBitButton()
 .text._ZN14MicroBitButtonC2E7PinNamet32MicroBitButtonEventConfiguration7PinMode
                0x00000000000197f4       0x5c ym/microbit-dal/source/microbit-dal.a(MicroBitButton.cpp.o)
                0x00000000000197f4                MicroBitButton::MicroBitButton(PinName, unsigned short, MicroBitButtonEventConfiguration, PinMode)
                0x00000000000197f4                MicroBitButton::MicroBitButton(PinName, unsigned short, MicroBitButtonEventConfiguration, PinMode)
 .text._ZN15MicroBitCompassD2Ev
                0x0000000000019850       0x18 ym/microbit-dal/source/microbit-dal.a(MicroBitCompass.cpp.o)
                0x0000000000019850                MicroBitCompass::~MicroBitCompass()
                0x0000000000019850                MicroBitCompass::~MicroBitCompass()
 .text._ZN15MicroBitCompass11readCommandEhPhi
                0x0000000000019868       0x4c ym/microbit-dal/source/microbit-dal.a(MicroBitCompass.cpp.o)
                0x0000000000019868                MicroBitCompass::readCommand(unsigned char, unsigned char*, int)
 .text._ZN15MicroBitCompass6read16Eh
                0x00000000000198b4       0x48 ym/microbit-dal/source/microbit-dal.a(MicroBitCompass.cpp.o)
                0x00000000000198b4                MicroBitCompass::read16(unsigned char)
 .text._ZN15MicroBitCompass5read8Eh
                0x00000000000198fc       0x24 ym/microbit-dal/source/microbit-dal.a(MicroBitCompass.cpp.o)
                0x00000000000198fc                MicroBitCompass::read8(unsigned char)
 .text._ZN15MicroBitCompass12basicBearingEv
                0x0000000000019920       0x80 ym/microbit-dal/source/microbit-dal.a(MicroBitCompass.cpp.o)
                0x0000000000019920                MicroBitCompass::basicBearing()
 .text._ZN15MicroBitCompass22tiltCompensatedBearingEv
                0x00000000000199a0       0xfc ym/microbit-dal/source/microbit-dal.a(MicroBitCompass.cpp.o)
                0x00000000000199a0                MicroBitCompass::tiltCompensatedBearing()
 .text._ZN15MicroBitCompass9configureEv
                0x0000000000019a9c       0x84 ym/microbit-dal/source/microbit-dal.a(MicroBitCompass.cpp.o)
                0x0000000000019a9c                MicroBitCompass::configure()
 .text._ZN15MicroBitCompass9calibrateEv
                0x0000000000019b20       0x4c ym/microbit-dal/source/microbit-dal.a(MicroBitCompass.cpp.o)
                0x0000000000019b20                MicroBitCompass::calibrate()
 .text._ZN15MicroBitCompass7headingEv
                0x0000000000019b6c       0x30 ym/microbit-dal/source/microbit-dal.a(MicroBitCompass.cpp.o)
                0x0000000000019b6c                MicroBitCompass::heading()
 .text._ZN15MicroBitCompass14setCalibrationE13CompassSample
                0x0000000000019b9c       0x48 ym/microbit-dal/source/microbit-dal.a(MicroBitCompass.cpp.o)
                0x0000000000019b9c                MicroBitCompass::setCalibration(CompassSample)
 .text._ZN15MicroBitCompass4initEtt
                0x0000000000019be4       0x58 ym/microbit-dal/source/microbit-dal.a(MicroBitCompass.cpp.o)
                0x0000000000019be4                MicroBitCompass::init(unsigned short, unsigned short)
 .text._ZN15MicroBitCompassC2ER11MicroBitI2CR21MicroBitAccelerometerR15MicroBitStoragett
                0x0000000000019c3c       0x50 ym/microbit-dal/source/microbit-dal.a(MicroBitCompass.cpp.o)
                0x0000000000019c3c                MicroBitCompass::MicroBitCompass(MicroBitI2C&, MicroBitAccelerometer&, MicroBitStorage&, unsigned short, unsigned short)
                0x0000000000019c3c                MicroBitCompass::MicroBitCompass(MicroBitI2C&, MicroBitAccelerometer&, MicroBitStorage&, unsigned short, unsigned short)
 .text._ZN25MicroBitCompassCalibrator9calibrateE13MicroBitEvent
                0x0000000000019c8c      0x364 ym/microbit-dal/source/microbit-dal.a(MicroBitCompassCalibrator.cpp.o)
                0x0000000000019c8c                MicroBitCompassCalibrator::calibrate(MicroBitEvent)
 .text._ZN25MicroBitCompassCalibratorC2ER15MicroBitCompassR21MicroBitAccelerometerR15MicroBitDisplay
                0x0000000000019ff0       0x8c ym/microbit-dal/source/microbit-dal.a(MicroBitCompassCalibrator.cpp.o)
                0x0000000000019ff0                MicroBitCompassCalibrator::MicroBitCompassCalibrator(MicroBitCompass&, MicroBitAccelerometer&, MicroBitDisplay&)
                0x0000000000019ff0                MicroBitCompassCalibrator::MicroBitCompassCalibrator(MicroBitCompass&, MicroBitAccelerometer&, MicroBitDisplay&)
 .text._ZN15MicroBitDisplay15renderGreyscaleEv
                0x000000000001a07c       0xfc ym/microbit-dal/source/microbit-dal.a(MicroBitDisplay.cpp.o)
                0x000000000001a07c                MicroBitDisplay::renderGreyscale()
 .text._ZN4mbed6TickerD2Ev
                0x000000000001a178       0x1c ym/microbit-dal/source/microbit-dal.a(MicroBitDisplay.cpp.o)
                0x000000000001a178                mbed::Ticker::~Ticker()
                0x000000000001a178                mbed::Ticker::~Ticker()
 .text._ZN15MicroBitDisplayD2Ev
                0x000000000001a194       0x48 ym/microbit-dal/source/microbit-dal.a(MicroBitDisplay.cpp.o)
                0x000000000001a194                MicroBitDisplay::~MicroBitDisplay()
                0x000000000001a194                MicroBitDisplay::~MicroBitDisplay()
 .text._ZN15MicroBitDisplayC2EtRK9MatrixMap
                0x000000000001a1dc       0xd8 ym/microbit-dal/source/microbit-dal.a(MicroBitDisplay.cpp.o)
                0x000000000001a1dc                MicroBitDisplay::MicroBitDisplay(unsigned short, MatrixMap const&)
                0x000000000001a1dc                MicroBitDisplay::MicroBitDisplay(unsigned short, MatrixMap const&)
 .text._ZN15MicroBitDisplay6renderEv
                0x000000000001a2b4       0xf4 ym/microbit-dal/source/microbit-dal.a(MicroBitDisplay.cpp.o)
                0x000000000001a2b4                MicroBitDisplay::render()
 .text._ZN15MicroBitDisplay26sendAnimationCompleteEventEv
                0x000000000001a3a8       0x24 ym/microbit-dal/source/microbit-dal.a(MicroBitDisplay.cpp.o)
                0x000000000001a3a8                MicroBitDisplay::sendAnimationCompleteEvent()
 .text._ZN15MicroBitDisplay13stopAnimationEv
                0x000000000001a3cc       0x38 ym/microbit-dal/source/microbit-dal.a(MicroBitDisplay.cpp.o)
                0x000000000001a3cc                MicroBitDisplay::stopAnimation()
 .text._ZN15MicroBitDisplay18waitForFreeDisplayEv
                0x000000000001a404       0x20 ym/microbit-dal/source/microbit-dal.a(MicroBitDisplay.cpp.o)
                0x000000000001a404                MicroBitDisplay::waitForFreeDisplay()
 .text._ZN15MicroBitDisplay9fiberWaitEv
                0x000000000001a424       0x2c ym/microbit-dal/source/microbit-dal.a(MicroBitDisplay.cpp.o)
                0x000000000001a424                MicroBitDisplay::fiberWait()
 .text._ZN15MicroBitDisplay14printCharAsyncEci
                0x000000000001a450       0x4c ym/microbit-dal/source/microbit-dal.a(MicroBitDisplay.cpp.o)
                0x000000000001a450                MicroBitDisplay::printCharAsync(char, int)
 .text._ZN15MicroBitDisplay10printAsyncE13ManagedStringi
                0x000000000001a49c       0x6c ym/microbit-dal/source/microbit-dal.a(MicroBitDisplay.cpp.o)
                0x000000000001a49c                MicroBitDisplay::printAsync(ManagedString, int)
 .text._ZN15MicroBitDisplay10printAsyncE13MicroBitImageiiii
                0x000000000001a508       0x54 ym/microbit-dal/source/microbit-dal.a(MicroBitDisplay.cpp.o)
                0x000000000001a508                MicroBitDisplay::printAsync(MicroBitImage, int, int, int, int)
 .text._ZN15MicroBitDisplay5printE13ManagedStringi
                0x000000000001a55c       0x68 ym/microbit-dal/source/microbit-dal.a(MicroBitDisplay.cpp.o)
                0x000000000001a55c                MicroBitDisplay::print(ManagedString, int)
 .text._ZN15MicroBitDisplay5printE13MicroBitImageiiii
                0x000000000001a5c4       0x64 ym/microbit-dal/source/microbit-dal.a(MicroBitDisplay.cpp.o)
                0x000000000001a5c4                MicroBitDisplay::print(MicroBitImage, int, int, int, int)
 .text._ZN15MicroBitDisplay11scrollAsyncE13ManagedStringi
                0x000000000001a628       0x54 ym/microbit-dal/source/microbit-dal.a(MicroBitDisplay.cpp.o)
                0x000000000001a628                MicroBitDisplay::scrollAsync(ManagedString, int)
 .text._ZN15MicroBitDisplay6scrollE13ManagedStringi
                0x000000000001a67c       0x4c ym/microbit-dal/source/microbit-dal.a(MicroBitDisplay.cpp.o)
                0x000000000001a67c                MicroBitDisplay::scroll(ManagedString, int)
 .text._ZN15MicroBitDisplay13setBrightnessEi
                0x000000000001a6c8       0x14 ym/microbit-dal/source/microbit-dal.a(MicroBitDisplay.cpp.o)
                0x000000000001a6c8                MicroBitDisplay::setBrightness(int)
 .text._ZN11MicroBitI2C4readEiPcib
                0x000000000001a6dc       0x94 ym/microbit-dal/source/microbit-dal.a(MicroBitI2C.cpp.o)
                0x000000000001a6dc                MicroBitI2C::read(int, char*, int, bool)
 .text._ZN11MicroBitI2C5writeEiPKcib
                0x000000000001a770       0x94 ym/microbit-dal/source/microbit-dal.a(MicroBitI2C.cpp.o)
                0x000000000001a770                MicroBitI2C::write(int, char const*, int, bool)
 .text._ZN18MicroBitMessageBus6removeEP16MicroBitListener
                0x000000000001a804       0x74 ym/microbit-dal/source/microbit-dal.a(MicroBitMessageBus.cpp.o)
                0x000000000001a804                MicroBitMessageBus::remove(MicroBitListener*)
 .text._ZN18MicroBitMessageBus3addEP16MicroBitListener
                0x000000000001a878       0xd0 ym/microbit-dal/source/microbit-dal.a(MicroBitMessageBus.cpp.o)
                0x000000000001a878                MicroBitMessageBus::add(MicroBitListener*)
 .text._ZN18MicroBitMessageBusD2Ev
                0x000000000001a948       0x20 ym/microbit-dal/source/microbit-dal.a(MicroBitMessageBus.cpp.o)
                0x000000000001a948                MicroBitMessageBus::~MicroBitMessageBus()
                0x000000000001a948                MicroBitMessageBus::~MicroBitMessageBus()
 .text._ZThn4_N18MicroBitMessageBusD1Ev
                0x000000000001a968       0x10 ym/microbit-dal/source/microbit-dal.a(MicroBitMessageBus.cpp.o)
                0x000000000001a968                non-virtual thunk to MicroBitMessageBus::~MicroBitMessageBus()
 .text._ZThn4_N18MicroBitMessageBusD0Ev
                0x000000000001a978       0x10 ym/microbit-dal/source/microbit-dal.a(MicroBitMessageBus.cpp.o)
                0x000000000001a978                non-virtual thunk to MicroBitMessageBus::~MicroBitMessageBus()
 .text._ZN18MicroBitMessageBusC2Ev
                0x000000000001a988       0x3c ym/microbit-dal/source/microbit-dal.a(MicroBitMessageBus.cpp.o)
                0x000000000001a988                MicroBitMessageBus::MicroBitMessageBus()
                0x000000000001a988                MicroBitMessageBus::MicroBitMessageBus()
 .text._ZN18MicroBitMessageBus7processER13MicroBitEventb
                0x000000000001a9c4       0x84 ym/microbit-dal/source/microbit-dal.a(MicroBitMessageBus.cpp.o)
                0x000000000001a9c4                MicroBitMessageBus::process(MicroBitEvent&, bool)
 .text._ZThn4_N18MicroBitMessageBus8idleTickEv
                0x000000000001aa48       0x10 ym/microbit-dal/source/microbit-dal.a(MicroBitMessageBus.cpp.o)
                0x000000000001aa48                non-virtual thunk to MicroBitMessageBus::idleTick()
 .text._ZN10EventModel6listenI19MicroBitMultiButtonEEittPT_MS2_Fv13MicroBitEventEt
                0x000000000001aa58       0xac ym/microbit-dal/source/microbit-dal.a(MicroBitMultiButton.cpp.o)
                0x000000000001aa58                int EventModel::listen<MicroBitMultiButton>(unsigned short, unsigned short, MicroBitMultiButton*, void (MicroBitMultiButton::*)(MicroBitEvent), unsigned short)
 .text._ZN19MicroBitMultiButtonC2Ettt
                0x000000000001ab04       0x70 ym/microbit-dal/source/microbit-dal.a(MicroBitMultiButton.cpp.o)
                0x000000000001ab04                MicroBitMultiButton::MicroBitMultiButton(unsigned short, unsigned short, unsigned short)
                0x000000000001ab04                MicroBitMultiButton::MicroBitMultiButton(unsigned short, unsigned short, unsigned short)
 .text._ZN11MicroBitPinC2Ei7PinName13PinCapability
                0x000000000001ab74       0x1c ym/microbit-dal/source/microbit-dal.a(MicroBitPin.cpp.o)
                0x000000000001ab74                MicroBitPin::MicroBitPin(int, PinName, PinCapability)
                0x000000000001ab74                MicroBitPin::MicroBitPin(int, PinName, PinCapability)
 .text._ZN13MicroBitRadioC2Et
                0x000000000001ab90       0x40 ym/microbit-dal/source/microbit-dal.a(MicroBitRadio.cpp.o)
                0x000000000001ab90                MicroBitRadio::MicroBitRadio(unsigned short)
                0x000000000001ab90                MicroBitRadio::MicroBitRadio(unsigned short)
 .text._ZN13MicroBitRadio7setRSSIEi
                0x000000000001abd0       0x14 ym/microbit-dal/source/microbit-dal.a(MicroBitRadio.cpp.o)
                0x000000000001abd0                MicroBitRadio::setRSSI(int)
 .text._ZN13MicroBitRadio7getRSSIEv
                0x000000000001abe4       0x14 ym/microbit-dal/source/microbit-dal.a(MicroBitRadio.cpp.o)
                0x000000000001abe4                MicroBitRadio::getRSSI()
 .text._ZN13MicroBitRadio10queueRxBufEv
                0x000000000001abf8       0x60 ym/microbit-dal/source/microbit-dal.a(MicroBitRadio.cpp.o)
                0x000000000001abf8                MicroBitRadio::queueRxBuf()
 .text.RADIO_IRQHandler
                0x000000000001ac58       0x64 ym/microbit-dal/source/microbit-dal.a(MicroBitRadio.cpp.o)
                0x000000000001ac58                RADIO_IRQHandler
 .text._ZN13MicroBitRadio4recvEv
                0x000000000001acbc       0x28 ym/microbit-dal/source/microbit-dal.a(MicroBitRadio.cpp.o)
                0x000000000001acbc                MicroBitRadio::recv()
 .text._ZN14MicroBitSerial4baudEi
                0x000000000001ace4       0x14 ym/microbit-dal/source/microbit-dal.a(MicroBitSerial.cpp.o)
                0x000000000001ace4                MicroBitSerial::baud(int)
 .text._ZN14MicroBitSerialC2E7PinNameS0_hh
                0x000000000001acf8       0x50 ym/microbit-dal/source/microbit-dal.a(MicroBitSerial.cpp.o)
                0x000000000001acf8                MicroBitSerial::MicroBitSerial(PinName, PinName, unsigned char, unsigned char)
                0x000000000001acf8                MicroBitSerial::MicroBitSerial(PinName, PinName, unsigned char, unsigned char)
 .text._ZN15MicroBitStorage4sizeEv
                0x000000000001ad48       0x60 ym/microbit-dal/source/microbit-dal.a(MicroBitStorage.cpp.o)
                0x000000000001ad48                MicroBitStorage::size()
 .text._ZN15MicroBitStorage3putEPKcPhi
                0x000000000001ada8      0x1a8 ym/microbit-dal/source/microbit-dal.a(MicroBitStorage.cpp.o)
                0x000000000001ada8                MicroBitStorage::put(char const*, unsigned char*, int)
 .text._ZN19MicroBitThermometerC2ER15MicroBitStoraget
                0x000000000001af50       0x48 ym/microbit-dal/source/microbit-dal.a(MicroBitThermometer.cpp.o)
                0x000000000001af50                MicroBitThermometer::MicroBitThermometer(MicroBitStorage&, unsigned short)
                0x000000000001af50                MicroBitThermometer::MicroBitThermometer(MicroBitStorage&, unsigned short)
 .text._ZN19MicroBitThermometer12updateSampleEv
                0x000000000001af98       0x8c ym/microbit-dal/source/microbit-dal.a(MicroBitThermometer.cpp.o)
                0x000000000001af98                MicroBitThermometer::updateSample()
 .text._ZL18nvmc_event_handlerm
                0x000000000001b024       0x10 ym/microbit-dal/source/microbit-dal.a(MicroBitFlash.cpp.o)
 .text._ZN13MicroBitFlashC2Ev
                0x000000000001b034       0x24 ym/microbit-dal/source/microbit-dal.a(MicroBitFlash.cpp.o)
                0x000000000001b034                MicroBitFlash::MicroBitFlash()
                0x000000000001b034                MicroBitFlash::MicroBitFlash()
 .text._ZN13MicroBitFlash10erase_pageEPm
                0x000000000001b058       0x6c ym/microbit-dal/source/microbit-dal.a(MicroBitFlash.cpp.o)
                0x000000000001b058                MicroBitFlash::erase_page(unsigned long*)
 .text._ZN13MicroBitFlash10flash_burnEPmS0_i
                0x000000000001b0c4       0x7c ym/microbit-dal/source/microbit-dal.a(MicroBitFlash.cpp.o)
                0x000000000001b0c4                MicroBitFlash::flash_burn(unsigned long*, unsigned long*, int)
 .text._ZN18MicroBitBLEManagerD2Ev
                0x000000000001b140       0x20 ym/microbit-dal/source/microbit-dal.a(MicroBitBLEManager.cpp.o)
                0x000000000001b140                MicroBitBLEManager::~MicroBitBLEManager()
                0x000000000001b140                MicroBitBLEManager::~MicroBitBLEManager()
 .text._ZL25bleSysAttrMissingCallbackPK32GattSysAttrMissingCallbackParams
                0x000000000001b160       0xc8 ym/microbit-dal/source/microbit-dal.a(MicroBitBLEManager.cpp.o)
 .text._ZN18MicroBitBLEManager8idleTickEv
                0x000000000001b228      0x114 ym/microbit-dal/source/microbit-dal.a(MicroBitBLEManager.cpp.o)
                0x000000000001b228                MicroBitBLEManager::idleTick()
 .text._ZN18GapAdvertisingData8addFieldENS_10DataType_tEPKhhPh
                0x000000000001b33c       0xa8 ym/microbit-dal/source/microbit-dal.a(MicroBitBLEManager.cpp.o)
                0x000000000001b33c                GapAdvertisingData::addField(GapAdvertisingData::DataType_t, unsigned char const*, unsigned char, unsigned char*)
 .text._ZN18GattCharacteristicC2ERK4UUIDPhtthPP13GattAttributejb
                0x000000000001b3e4       0x94 ym/microbit-dal/source/microbit-dal.a(MicroBitBLEManager.cpp.o)
                0x000000000001b3e4                GattCharacteristic::GattCharacteristic(UUID const&, unsigned char*, unsigned short, unsigned short, unsigned char, GattAttribute**, unsigned int, bool)
                0x000000000001b3e4                GattCharacteristic::GattCharacteristic(UUID const&, unsigned char*, unsigned short, unsigned short, unsigned char, GattAttribute**, unsigned int, bool)
 .text._ZN3BLE22setAdvertisingIntervalEt
                0x000000000001b478       0x3c ym/microbit-dal/source/microbit-dal.a(MicroBitBLEManager.cpp.o)
                0x000000000001b478                BLE::setAdvertisingInterval(unsigned short)
 .text._ZN24DeviceInformationServiceC2ER3BLEPKcS3_S3_S3_S3_S3_
                0x000000000001b4b4      0x1dc ym/microbit-dal/source/microbit-dal.a(MicroBitBLEManager.cpp.o)
                0x000000000001b4b4                DeviceInformationService::DeviceInformationService(BLE&, char const*, char const*, char const*, char const*, char const*, char const*)
                0x000000000001b4b4                DeviceInformationService::DeviceInformationService(BLE&, char const*, char const*, char const*, char const*, char const*, char const*)
 .text._ZN18MicroBitBLEManagerC2ER15MicroBitStorage
                0x000000000001b690       0x38 ym/microbit-dal/source/microbit-dal.a(MicroBitBLEManager.cpp.o)
                0x000000000001b690                MicroBitBLEManager::MicroBitBLEManager(MicroBitStorage&)
                0x000000000001b690                MicroBitBLEManager::MicroBitBLEManager(MicroBitStorage&)
 .text._ZL24bleDisconnectionCallbackPKN3Gap29DisconnectionCallbackParams_tE
                0x000000000001b6c8       0x3c ym/microbit-dal/source/microbit-dal.a(MicroBitBLEManager.cpp.o)
 .text._ZN18MicroBitBLEManager16setTransmitPowerEi
                0x000000000001b704       0x34 ym/microbit-dal/source/microbit-dal.a(MicroBitBLEManager.cpp.o)
                0x000000000001b704                MicroBitBLEManager::setTransmitPower(int)
 .text._ZN18MicroBitBLEManager4initE13ManagedStringS0_R10EventModelb
                0x000000000001b738      0x2d8 ym/microbit-dal/source/microbit-dal.a(MicroBitBLEManager.cpp.o)
                0x000000000001b738                MicroBitBLEManager::init(ManagedString, ManagedString, EventModel&, bool)
 .text._ZL22passkeyDisplayCallbacktPKh
                0x000000000001ba10       0x34 ym/microbit-dal/source/microbit-dal.a(MicroBitBLEManager.cpp.o)
 .text._ZL30securitySetupCompletedCallbacktN15SecurityManager26SecurityCompletionStatus_tE
                0x000000000001ba44       0x40 ym/microbit-dal/source/microbit-dal.a(MicroBitBLEManager.cpp.o)
 .text._ZN18MicroBitBLEManager11pairingModeER15MicroBitDisplayR14MicroBitButton
                0x000000000001ba84      0x2a0 ym/microbit-dal/source/microbit-dal.a(MicroBitBLEManager.cpp.o)
                0x000000000001ba84                MicroBitBLEManager::pairingMode(MicroBitDisplay&, MicroBitButton&)
 .text._ZN18MicroBitDFUServiceC2ER3BLE
                0x000000000001bd24      0x180 ym/microbit-dal/source/microbit-dal.a(MicroBitDFUService.cpp.o)
                0x000000000001bd24                MicroBitDFUService::MicroBitDFUService(BLE&)
                0x000000000001bd24                MicroBitDFUService::MicroBitDFUService(BLE&)
 .text._ZN20MicroBitEventServiceC2ER3BLER10EventModel
                0x000000000001bea4      0x1fc ym/microbit-dal/source/microbit-dal.a(MicroBitEventService.cpp.o)
                0x000000000001bea4                MicroBitEventService::MicroBitEventService(BLE&, EventModel&)
                0x000000000001bea4                MicroBitEventService::MicroBitEventService(BLE&, EventModel&)
 .text._ZN16MicroBitListenerC2I20MicroBitEventServiceEEttPT_MS2_Fv13MicroBitEventEt
                0x000000000001c0a0       0x68 ym/microbit-dal/source/microbit-dal.a(MicroBitEventService.cpp.o)
                0x000000000001c0a0                MicroBitListener::MicroBitListener<MicroBitEventService>(unsigned short, unsigned short, MicroBitEventService*, void (MicroBitEventService::*)(MicroBitEvent), unsigned short)
                0x000000000001c0a0                MicroBitListener::MicroBitListener<MicroBitEventService>(unsigned short, unsigned short, MicroBitEventService*, void (MicroBitEventService::*)(MicroBitEvent), unsigned short)
 .text._ZN20MicroBitEventService13onDataWrittenEPK23GattWriteCallbackParams
                0x000000000001c108       0xa4 ym/microbit-dal/source/microbit-dal.a(MicroBitEventService.cpp.o)
                0x000000000001c108                MicroBitEventService::onDataWritten(GattWriteCallbackParams const*)
 .text._ZN20MicroBitEventService8idleTickEv
                0x000000000001c1ac       0x50 ym/microbit-dal/source/microbit-dal.a(MicroBitEventService.cpp.o)
                0x000000000001c1ac                MicroBitEventService::idleTick()
 .text          0x000000000001c1fc      0x124 ym/microbit-dal/source/microbit-dal.a(CortexContextSwitch.s.obj)
                0x000000000001c1fc                swap_context
                0x000000000001c27e                save_context
                0x000000000001c2c2                save_register_context
                0x000000000001c2f2                restore_register_context
 .text._Z14string_reversePc
                0x000000000001c320       0x2c ym/microbit-dal/source/microbit-dal.a(MicroBitCompat.cpp.o)
                0x000000000001c320                string_reverse(char*)
 .text._Z4itoaiPc
                0x000000000001c34c       0x68 ym/microbit-dal/source/microbit-dal.a(MicroBitCompat.cpp.o)
                0x000000000001c34c                itoa(int, char*)
 .text._ZN7Matrix4C2Eii
                0x000000000001c3b4       0x30 ym/microbit-dal/source/microbit-dal.a(Matrix4.cpp.o)
                0x000000000001c3b4                Matrix4::Matrix4(int, int)
                0x000000000001c3b4                Matrix4::Matrix4(int, int)
 .text._ZN7Matrix4C2ERKS_
                0x000000000001c3e4       0x44 ym/microbit-dal/source/microbit-dal.a(Matrix4.cpp.o)
                0x000000000001c3e4                Matrix4::Matrix4(Matrix4 const&)
                0x000000000001c3e4                Matrix4::Matrix4(Matrix4 const&)
 .text._ZN13MicroBitImageC2Ev
                0x000000000001c428        0xc ym/microbit-dal/source/microbit-dal.a(MicroBitImage.cpp.o)
                0x000000000001c428                MicroBitImage::MicroBitImage()
                0x000000000001c428                MicroBitImage::MicroBitImage()
 .text._ZN13MicroBitImage13setPixelValueEssh
                0x000000000001c434       0x2c ym/microbit-dal/source/microbit-dal.a(MicroBitImage.cpp.o)
                0x000000000001c434                MicroBitImage::setPixelValue(short, short, unsigned char)
 .text._ZN13MicroBitImage10printImageEssPKh
                0x000000000001c460       0x5c ym/microbit-dal/source/microbit-dal.a(MicroBitImage.cpp.o)
                0x000000000001c460                MicroBitImage::printImage(short, short, unsigned char const*)
 .text._ZN13MicroBitImage4initEssPKh
                0x000000000001c4bc       0x50 ym/microbit-dal/source/microbit-dal.a(MicroBitImage.cpp.o)
                0x000000000001c4bc                MicroBitImage::init(short, short, unsigned char const*)
 .text._ZN13MicroBitImageC2EPKc
                0x000000000001c50c       0xa0 ym/microbit-dal/source/microbit-dal.a(MicroBitImage.cpp.o)
                0x000000000001c50c                MicroBitImage::MicroBitImage(char const*)
                0x000000000001c50c                MicroBitImage::MicroBitImage(char const*)
 .text._ZN13MicroBitImage5printEcss
                0x000000000001c5ac       0x90 ym/microbit-dal/source/microbit-dal.a(MicroBitImage.cpp.o)
                0x000000000001c5ac                MicroBitImage::print(char, short, short)
 .text._ZN13MicroBitImage9shiftLeftEs
                0x000000000001c63c       0x54 ym/microbit-dal/source/microbit-dal.a(MicroBitImage.cpp.o)
                0x000000000001c63c                MicroBitImage::shiftLeft(short)
 .text.startup._GLOBAL__sub_I__ZN13MicroBitImage10EmptyImageE
                0x000000000001c690       0x28 ym/microbit-dal/source/microbit-dal.a(MicroBitImage.cpp.o)
 .text._ZN3BLE8InstanceEj
                0x000000000001c6b8       0x5c ym/ble/source/ble.a(BLE.cpp.o)
                0x000000000001c6b8                BLE::Instance(unsigned int)
 .text._ZN3BLEC2Ej
                0x000000000001c714       0x2c ym/ble/source/ble.a(BLE.cpp.o)
                0x000000000001c714                BLE::BLE(unsigned int)
                0x000000000001c714                BLE::BLE(unsigned int)
 .text._ZNK3BLE3gapEv
                0x000000000001c740       0x20 ym/ble/source/ble.a(BLE.cpp.o)
                0x000000000001c740                BLE::gap() const
 .text._ZNK3BLE10gattServerEv
                0x000000000001c760       0x20 ym/ble/source/ble.a(BLE.cpp.o)
                0x000000000001c760                BLE::gattServer() const
 .text._ZNK3BLE15securityManagerEv
                0x000000000001c780       0x20 ym/ble/source/ble.a(BLE.cpp.o)
                0x000000000001c780                BLE::securityManager() const
 .text._ZNK3Gap25getMaxAdvertisingIntervalEv
                0x000000000001c7a0        0x8 ym/ble-nrf51822/source/ble-nrf51822.a(nRF5xn.cpp.o)
                0x000000000001c7a0                Gap::getMaxAdvertisingInterval() const
 .text._ZN10GattClient16discoverServicesEt26FunctionPointerWithContextIPK17DiscoveredServiceERK4UUID
                0x000000000001c7a8       0x60 ym/ble-nrf51822/source/ble-nrf51822.a(nRF5xn.cpp.o)
                0x000000000001c7a8                GattClient::discoverServices(unsigned short, FunctionPointerWithContext<DiscoveredService const*>, UUID const&)
 .text._ZNK6nRF5xn18getSecurityManagerEv
                0x000000000001c808       0x34 ym/ble-nrf51822/source/ble-nrf51822.a(nRF5xn.cpp.o)
                0x000000000001c808                nRF5xn::getSecurityManager() const
 .text._ZN6nRF5xn13getGattClientEv
                0x000000000001c83c       0x48 ym/ble-nrf51822/source/ble-nrf51822.a(nRF5xn.cpp.o)
                0x000000000001c83c                nRF5xn::getGattClient()
 .text._ZN6nRF5xn10getVersionEv
                0x000000000001c884       0x74 ym/ble-nrf51822/source/ble-nrf51822.a(nRF5xn.cpp.o)
                0x000000000001c884                nRF5xn::getVersion()
 .text._ZN38CallChainOfFunctionPointersWithContextIPK23GattWriteCallbackParamsED2Ev
                0x000000000001c8f8       0x14 ym/ble-nrf51822/source/ble-nrf51822.a(nRF5xn.cpp.o)
                0x000000000001c8f8                CallChainOfFunctionPointersWithContext<GattWriteCallbackParams const*>::~CallChainOfFunctionPointersWithContext()
                0x000000000001c8f8                CallChainOfFunctionPointersWithContext<GattWriteCallbackParams const*>::~CallChainOfFunctionPointersWithContext()
 .text._ZN38CallChainOfFunctionPointersWithContextIPK22GattReadCallbackParamsED2Ev
                0x000000000001c90c       0x14 ym/ble-nrf51822/source/ble-nrf51822.a(nRF5xn.cpp.o)
                0x000000000001c90c                CallChainOfFunctionPointersWithContext<GattReadCallbackParams const*>::~CallChainOfFunctionPointersWithContext()
                0x000000000001c90c                CallChainOfFunctionPointersWithContext<GattReadCallbackParams const*>::~CallChainOfFunctionPointersWithContext()
 .text._ZN38CallChainOfFunctionPointersWithContextIjED2Ev
                0x000000000001c920       0x20 ym/ble-nrf51822/source/ble-nrf51822.a(nRF5xn.cpp.o)
                0x000000000001c920                CallChainOfFunctionPointersWithContext<unsigned int>::~CallChainOfFunctionPointersWithContext()
                0x000000000001c920                CallChainOfFunctionPointersWithContext<unsigned int>::~CallChainOfFunctionPointersWithContext()
 .text._ZN38CallChainOfFunctionPointersWithContextIPK32GattSysAttrMissingCallbackParamsED2Ev
                0x000000000001c940       0x20 ym/ble-nrf51822/source/ble-nrf51822.a(nRF5xn.cpp.o)
                0x000000000001c940                CallChainOfFunctionPointersWithContext<GattSysAttrMissingCallbackParams const*>::~CallChainOfFunctionPointersWithContext()
                0x000000000001c940                CallChainOfFunctionPointersWithContext<GattSysAttrMissingCallbackParams const*>::~CallChainOfFunctionPointersWithContext()
 .text._ZN38CallChainOfFunctionPointersWithContextIPK10GattServerED2Ev
                0x000000000001c960       0x20 ym/ble-nrf51822/source/ble-nrf51822.a(nRF5xn.cpp.o)
                0x000000000001c960                CallChainOfFunctionPointersWithContext<GattServer const*>::~CallChainOfFunctionPointersWithContext()
                0x000000000001c960                CallChainOfFunctionPointersWithContext<GattServer const*>::~CallChainOfFunctionPointersWithContext()
 .text._ZN38CallChainOfFunctionPointersWithContextIPK21GattHVXCallbackParamsED2Ev
                0x000000000001c980       0x20 ym/ble-nrf51822/source/ble-nrf51822.a(nRF5xn.cpp.o)
                0x000000000001c980                CallChainOfFunctionPointersWithContext<GattHVXCallbackParams const*>::~CallChainOfFunctionPointersWithContext()
                0x000000000001c980                CallChainOfFunctionPointersWithContext<GattHVXCallbackParams const*>::~CallChainOfFunctionPointersWithContext()
 .text._ZN38CallChainOfFunctionPointersWithContextIPK10GattClientED2Ev
                0x000000000001c9a0       0x20 ym/ble-nrf51822/source/ble-nrf51822.a(nRF5xn.cpp.o)
                0x000000000001c9a0                CallChainOfFunctionPointersWithContext<GattClient const*>::~CallChainOfFunctionPointersWithContext()
                0x000000000001c9a0                CallChainOfFunctionPointersWithContext<GattClient const*>::~CallChainOfFunctionPointersWithContext()
 .text._ZN38CallChainOfFunctionPointersWithContextIN3Gap15TimeoutSource_tEED2Ev
                0x000000000001c9c0       0x20 ym/ble-nrf51822/source/ble-nrf51822.a(nRF5xn.cpp.o)
                0x000000000001c9c0                CallChainOfFunctionPointersWithContext<Gap::TimeoutSource_t>::~CallChainOfFunctionPointersWithContext()
                0x000000000001c9c0                CallChainOfFunctionPointersWithContext<Gap::TimeoutSource_t>::~CallChainOfFunctionPointersWithContext()
 .text._ZN38CallChainOfFunctionPointersWithContextIPKN3Gap26ConnectionCallbackParams_tEED2Ev
                0x000000000001c9e0       0x20 ym/ble-nrf51822/source/ble-nrf51822.a(nRF5xn.cpp.o)
                0x000000000001c9e0                CallChainOfFunctionPointersWithContext<Gap::ConnectionCallbackParams_t const*>::~CallChainOfFunctionPointersWithContext()
                0x000000000001c9e0                CallChainOfFunctionPointersWithContext<Gap::ConnectionCallbackParams_t const*>::~CallChainOfFunctionPointersWithContext()
 .text._ZN38CallChainOfFunctionPointersWithContextIPKN3Gap29DisconnectionCallbackParams_tEED2Ev
                0x000000000001ca00       0x20 ym/ble-nrf51822/source/ble-nrf51822.a(nRF5xn.cpp.o)
                0x000000000001ca00                CallChainOfFunctionPointersWithContext<Gap::DisconnectionCallbackParams_t const*>::~CallChainOfFunctionPointersWithContext()
                0x000000000001ca00                CallChainOfFunctionPointersWithContext<Gap::DisconnectionCallbackParams_t const*>::~CallChainOfFunctionPointersWithContext()
 .text._ZN38CallChainOfFunctionPointersWithContextIPK3GapED2Ev
                0x000000000001ca20       0x20 ym/ble-nrf51822/source/ble-nrf51822.a(nRF5xn.cpp.o)
                0x000000000001ca20                CallChainOfFunctionPointersWithContext<Gap const*>::~CallChainOfFunctionPointersWithContext()
                0x000000000001ca20                CallChainOfFunctionPointersWithContext<Gap const*>::~CallChainOfFunctionPointersWithContext()
 .text._ZN38CallChainOfFunctionPointersWithContextIPK15SecurityManagerED2Ev
                0x000000000001ca40       0x20 ym/ble-nrf51822/source/ble-nrf51822.a(nRF5xn.cpp.o)
                0x000000000001ca40                CallChainOfFunctionPointersWithContext<SecurityManager const*>::~CallChainOfFunctionPointersWithContext()
                0x000000000001ca40                CallChainOfFunctionPointersWithContext<SecurityManager const*>::~CallChainOfFunctionPointersWithContext()
 .text._ZN6nRF5xn18getSecurityManagerEv
                0x000000000001ca60       0x34 ym/ble-nrf51822/source/ble-nrf51822.a(nRF5xn.cpp.o)
                0x000000000001ca60                nRF5xn::getSecurityManager()
 .text._ZN6nRF5xnD2Ev
                0x000000000001ca94       0x54 ym/ble-nrf51822/source/ble-nrf51822.a(nRF5xn.cpp.o)
                0x000000000001ca94                nRF5xn::~nRF5xn()
                0x000000000001ca94                nRF5xn::~nRF5xn()
 .text._ZN3Gap5resetEv
                0x000000000001cae8       0xd0 ym/ble-nrf51822/source/ble-nrf51822.a(nRF5xn.cpp.o)
                0x000000000001cae8                Gap::reset()
 .text._ZN6nRF5xnC2Ev
                0x000000000001cbb8      0x13c ym/ble-nrf51822/source/ble-nrf51822.a(nRF5xn.cpp.o)
                0x000000000001cbb8                nRF5xn::nRF5xn()
                0x000000000001cbb8                nRF5xn::nRF5xn()
 .text._ZN6nRF5xn8InstanceEj
                0x000000000001ccf4       0x24 ym/ble-nrf51822/source/ble-nrf51822.a(nRF5xn.cpp.o)
                0x000000000001ccf4                nRF5xn::Instance(unsigned int)
 .text._ZN26FunctionPointerWithContextItEC2EPFvtE
                0x000000000001cd18       0x20 ym/ble-nrf51822/source/ble-nrf51822.a(nRF5xn.cpp.o)
                0x000000000001cd18                FunctionPointerWithContext<unsigned short>::FunctionPointerWithContext(void (*)(unsigned short))
                0x000000000001cd18                FunctionPointerWithContext<unsigned short>::FunctionPointerWithContext(void (*)(unsigned short))
 .text._ZN15nRF5xGattServerC2Ev
                0x000000000001cd38       0xc0 ym/ble-nrf51822/source/ble-nrf51822.a(nRF5xn.cpp.o)
                0x000000000001cd38                nRF5xGattServer::nRF5xGattServer()
                0x000000000001cd38                nRF5xGattServer::nRF5xGattServer()
 .text._ZN8nRF5xGap25getPermittedTxPowerValuesEPPKaPj
                0x000000000001cdf8       0x10 ym/ble-nrf51822/source/ble-nrf51822.a(nRF5xGap.cpp.o)
                0x000000000001cdf8                nRF5xGap::getPermittedTxPowerValues(signed char const**, unsigned int*)
 .text._Z31radioNotificationStaticCallbackb
                0x000000000001ce08       0x3c ym/ble-nrf51822/source/ble-nrf51822.a(nRF5xGap.cpp.o)
                0x000000000001ce08                radioNotificationStaticCallback(bool)
 .text._ZN8nRF5xGap21initRadioNotificationEv
                0x000000000001ce44       0x1c ym/ble-nrf51822/source/ble-nrf51822.a(nRF5xGap.cpp.o)
                0x000000000001ce44                nRF5xGap::initRadioNotification()
 .text._ZN8nRF5xGap22generateStackWhitelistER19ble_gap_whitelist_t
                0x000000000001ce60       0xe0 ym/ble-nrf51822/source/ble-nrf51822.a(nRF5xGap.cpp.o)
                0x000000000001ce60                nRF5xGap::generateStackWhitelist(ble_gap_whitelist_t&)
 .text._ZN8nRF5xGap16startAdvertisingERK20GapAdvertisingParams
                0x000000000001cf40       0xac ym/ble-nrf51822/source/ble-nrf51822.a(nRF5xGap.cpp.o)
                0x000000000001cf40                nRF5xGap::startAdvertising(GapAdvertisingParams const&)
 .text._ZN8nRF5xGap7connectEPKhN11BLEProtocol11AddressType4TypeEPKN3Gap18ConnectionParams_tEPK17GapScanningParams
                0x000000000001cfec       0xec ym/ble-nrf51822/source/ble-nrf51822.a(nRF5xGap.cpp.o)
                0x000000000001cfec                nRF5xGap::connect(unsigned char const*, BLEProtocol::AddressType::Type, Gap::ConnectionParams_t const*, GapScanningParams const*)
 .text._ZL16sys_evt_dispatchm
                0x000000000001d0d8       0x1c ym/ble-nrf51822/source/ble-nrf51822.a(btle.cpp.o)
 .text._ZL12btle_handlerP9ble_evt_t
                0x000000000001d0f4      0x17c ym/ble-nrf51822/source/ble-nrf51822.a(btle.cpp.o)
 .text.btle_set_gatt_table_size
                0x000000000001d270       0x14 ym/ble-nrf51822/source/ble-nrf51822.a(btle.cpp.o)
                0x000000000001d270                btle_set_gatt_table_size
 .text.btle_set_user_evt_handler
                0x000000000001d284        0xc ym/ble-nrf51822/source/ble-nrf51822.a(btle.cpp.o)
                0x000000000001d284                btle_set_user_evt_handler
 .text.btle_init
                0x000000000001d290       0xa4 ym/ble-nrf51822/source/ble-nrf51822.a(btle.cpp.o)
                0x000000000001d290                btle_init
 .text.app_error_handler
                0x000000000001d334       0x20 ym/ble-nrf51822/source/ble-nrf51822.a(btle.cpp.o)
                0x000000000001d334                app_error_handler
 .text._ZN15nRF5xGattServer4readEtPhPt
                0x000000000001d354       0x18 ym/ble-nrf51822/source/ble-nrf51822.a(nRF5xGattServer.cpp.o)
                0x000000000001d354                nRF5xGattServer::read(unsigned short, unsigned char*, unsigned short*)
 .text._ZN15nRF5xGattServer5writeEtPKhtb
                0x000000000001d36c       0x1c ym/ble-nrf51822/source/ble-nrf51822.a(nRF5xGattServer.cpp.o)
                0x000000000001d36c                nRF5xGattServer::write(unsigned short, unsigned char const*, unsigned short, bool)
 .text._ZN15nRF5xGattServer5writeEttPKhtb
                0x000000000001d388       0xf0 ym/ble-nrf51822/source/ble-nrf51822.a(nRF5xGattServer.cpp.o)
                0x000000000001d388                nRF5xGattServer::write(unsigned short, unsigned short, unsigned char const*, unsigned short, bool)
 .text._ZN15nRF5xGattServer10addServiceER11GattService
                0x000000000001d478      0x1dc ym/ble-nrf51822/source/ble-nrf51822.a(nRF5xGattServer.cpp.o)
                0x000000000001d478                nRF5xGattServer::addService(GattService&)
 .text._ZN15nRF5xGattServer5resetEv
                0x000000000001d654       0x50 ym/ble-nrf51822/source/ble-nrf51822.a(nRF5xGattServer.cpp.o)
                0x000000000001d654                nRF5xGattServer::reset()
 .text._ZL10dm_handlerPK13device_handlePK10dm_event_tm
                0x000000000001d6a4       0xa4 ym/ble-nrf51822/source/ble-nrf51822.a(btle_security.cpp.o)
 .text._Z27btle_hasInitializedSecurityv
                0x000000000001d748        0xc ym/ble-nrf51822/source/ble-nrf51822.a(btle_security.cpp.o)
                0x000000000001d748                btle_hasInitializedSecurity()
 .text._Z23btle_initializeSecuritybbN15SecurityManager24SecurityIOCapabilities_tEPKh
                0x000000000001d754       0xd8 ym/ble-nrf51822/source/ble-nrf51822.a(btle_security.cpp.o)
                0x000000000001d754                btle_initializeSecurity(bool, bool, SecurityManager::SecurityIOCapabilities_t, unsigned char const*)
 .text._Z25btle_purgeAllBondingStatev
                0x000000000001d82c       0x24 ym/ble-nrf51822/source/ble-nrf51822.a(btle_security.cpp.o)
                0x000000000001d82c                btle_purgeAllBondingState()
 .text._Z20btle_getLinkSecuritytPN15SecurityManager20LinkSecurityStatus_tE
                0x000000000001d850       0x48 ym/ble-nrf51822/source/ble-nrf51822.a(btle_security.cpp.o)
                0x000000000001d850                btle_getLinkSecurity(unsigned short, SecurityManager::LinkSecurityStatus_t*)
 .text._Z20btle_setLinkSecuritytN15SecurityManager14SecurityMode_tE
                0x000000000001d898       0x4c ym/ble-nrf51822/source/ble-nrf51822.a(btle_security.cpp.o)
                0x000000000001d898                btle_setLinkSecurity(unsigned short, SecurityManager::SecurityMode_t)
 .text._Z33btle_createWhitelistFromBondTableP19ble_gap_whitelist_t
                0x000000000001d8e4       0x30 ym/ble-nrf51822/source/ble-nrf51822.a(btle_security.cpp.o)
                0x000000000001d8e4                btle_createWhitelistFromBondTable(ble_gap_whitelist_t*)
 .text._Z13btle_gap_initv
                0x000000000001d914       0x54 ym/ble-nrf51822/source/ble-nrf51822.a(btle_gap.cpp.o)
                0x000000000001d914                btle_gap_init()
 .text.custom_convert_to_nordic_uuid
                0x000000000001d968       0xa0 ym/ble-nrf51822/source/ble-nrf51822.a(custom_helper.cpp.o)
                0x000000000001d968                custom_convert_to_nordic_uuid
 .text.custom_add_in_descriptor
                0x000000000001da08       0x6c ym/ble-nrf51822/source/ble-nrf51822.a(custom_helper.cpp.o)
                0x000000000001da08                custom_add_in_descriptor
 .text._ZN17GapScanningParamsC2Etttb
                0x000000000001da74       0x68 ym/ble/source/ble.a(GapScanningParams.cpp.o)
                0x000000000001da74                GapScanningParams::GapScanningParams(unsigned short, unsigned short, unsigned short, bool)
                0x000000000001da74                GapScanningParams::GapScanningParams(unsigned short, unsigned short, unsigned short, bool)
 .text.dfu_app_on_dfu_evt
                0x000000000001dadc      0x16c ym/nrf51-sdk/source/nrf51-sdk.a(dfu_app_handler.c.o)
                0x000000000001dadc                dfu_app_on_dfu_evt
 .text.intern_softdevice_events_execute
                0x000000000001dc48       0xac ym/nrf51-sdk/source/nrf51-sdk.a(softdevice_handler.c.o)
                0x000000000001dc48                intern_softdevice_events_execute
 .text.softdevice_handler_init
                0x000000000001dcf4       0x48 ym/nrf51-sdk/source/nrf51-sdk.a(softdevice_handler.c.o)
                0x000000000001dcf4                softdevice_handler_init
 .text.softdevice_handler_sd_disable
                0x000000000001dd3c       0x18 ym/nrf51-sdk/source/nrf51-sdk.a(softdevice_handler.c.o)
                0x000000000001dd3c                softdevice_handler_sd_disable
 .text.softdevice_ble_evt_handler_set
                0x000000000001dd54       0x14 ym/nrf51-sdk/source/nrf51-sdk.a(softdevice_handler.c.o)
                0x000000000001dd54                softdevice_ble_evt_handler_set
 .text.softdevice_sys_evt_handler_set
                0x000000000001dd68       0x14 ym/nrf51-sdk/source/nrf51-sdk.a(softdevice_handler.c.o)
                0x000000000001dd68                softdevice_sys_evt_handler_set
 .text.SWI2_IRQHandler
                0x000000000001dd7c       0x24 ym/nrf51-sdk/source/nrf51-sdk.a(softdevice_handler.c.o)
                0x000000000001dd7c                SWI2_IRQHandler
 .text.ble_dfu_response_send
                0x000000000001dda0       0x64 ym/nrf51-sdk/source/nrf51-sdk.a(ble_dfu.c.o)
                0x000000000001dda0                ble_dfu_response_send
 .text.pstorage_flash_page_end
                0x000000000001de04       0x20 ym/nrf51-sdk/source/nrf51-sdk.a(pstorage.c.o)
 .text.swap_sub_state_entry_action_run
                0x000000000001de24       0x18 ym/nrf51-sdk/source/nrf51-sdk.a(pstorage.c.o)
 .text.app_notify
                0x000000000001de3c       0x2c ym/nrf51-sdk/source/nrf51-sdk.a(pstorage.c.o)
 .text.is_page_erase_required
                0x000000000001de68       0x50 ym/nrf51-sdk/source/nrf51-sdk.a(pstorage.c.o)
 .text.swap_sub_state_err_busy_process
                0x000000000001deb8       0x18 ym/nrf51-sdk/source/nrf51-sdk.a(pstorage.c.o)
 .text.data_to_swap_write_state_run
                0x000000000001ded0       0x30 ym/nrf51-sdk/source/nrf51-sdk.a(pstorage.c.o)
 .text.swap_erase_state_run
                0x000000000001df00       0x24 ym/nrf51-sdk/source/nrf51-sdk.a(pstorage.c.o)
 .text.flash_api_err_code_process
                0x000000000001df24       0x40 ym/nrf51-sdk/source/nrf51-sdk.a(pstorage.c.o)
 .text.store_cmd_flash_write_execute
                0x000000000001df64       0x54 ym/nrf51-sdk/source/nrf51-sdk.a(pstorage.c.o)
 .text.state_restore_head_entry_run
                0x000000000001dfb8       0x34 ym/nrf51-sdk/source/nrf51-sdk.a(pstorage.c.o)
 .text.state_restore_tail_entry_run
                0x000000000001dfec       0x48 ym/nrf51-sdk/source/nrf51-sdk.a(pstorage.c.o)
 .text.state_write_data_swap_entry_run
                0x000000000001e034       0x2c ym/nrf51-sdk/source/nrf51-sdk.a(pstorage.c.o)
 .text.state_data_erase_entry_run
                0x000000000001e060       0x14 ym/nrf51-sdk/source/nrf51-sdk.a(pstorage.c.o)
 .text.state_entry_action_run
                0x000000000001e074       0xd0 ym/nrf51-sdk/source/nrf51-sdk.a(pstorage.c.o)
 .text.clear_operation_execute
                0x000000000001e144      0x144 ym/nrf51-sdk/source/nrf51-sdk.a(pstorage.c.o)
 .text.cmd_process
                0x000000000001e288       0x44 ym/nrf51-sdk/source/nrf51-sdk.a(pstorage.c.o)
 .text.cmd_queue_enqueue
                0x000000000001e2cc       0x54 ym/nrf51-sdk/source/nrf51-sdk.a(pstorage.c.o)
 .text.command_end_procedure_run
                0x000000000001e320       0x54 ym/nrf51-sdk/source/nrf51-sdk.a(pstorage.c.o)
 .text.clear_post_processing_run
                0x000000000001e374       0x2c ym/nrf51-sdk/source/nrf51-sdk.a(pstorage.c.o)
 .text.head_restore_state_run
                0x000000000001e3a0       0x98 ym/nrf51-sdk/source/nrf51-sdk.a(pstorage.c.o)
 .text.tail_restore_state_run
                0x000000000001e438       0x1c ym/nrf51-sdk/source/nrf51-sdk.a(pstorage.c.o)
 .text.data_page_erase_state_run
                0x000000000001e454       0x74 ym/nrf51-sdk/source/nrf51-sdk.a(pstorage.c.o)
 .text.flash_operation_success_run
                0x000000000001e4c8       0x98 ym/nrf51-sdk/source/nrf51-sdk.a(pstorage.c.o)
 .text.pstorage_sys_event_handler
                0x000000000001e560       0x68 ym/nrf51-sdk/source/nrf51-sdk.a(pstorage.c.o)
                0x000000000001e560                pstorage_sys_event_handler
 .text.pstorage_init
                0x000000000001e5c8       0x80 ym/nrf51-sdk/source/nrf51-sdk.a(pstorage.c.o)
                0x000000000001e5c8                pstorage_init
 .text.pstorage_register
                0x000000000001e648       0xbc ym/nrf51-sdk/source/nrf51-sdk.a(pstorage.c.o)
                0x000000000001e648                pstorage_register
 .text.pstorage_block_identifier_get
                0x000000000001e704       0x4c ym/nrf51-sdk/source/nrf51-sdk.a(pstorage.c.o)
                0x000000000001e704                pstorage_block_identifier_get
 .text.pstorage_store
                0x000000000001e750       0x78 ym/nrf51-sdk/source/nrf51-sdk.a(pstorage.c.o)
                0x000000000001e750                pstorage_store
 .text.pstorage_update
                0x000000000001e7c8       0x78 ym/nrf51-sdk/source/nrf51-sdk.a(pstorage.c.o)
                0x000000000001e7c8                pstorage_update
 .text.pstorage_load
                0x000000000001e840       0x98 ym/nrf51-sdk/source/nrf51-sdk.a(pstorage.c.o)
                0x000000000001e840                pstorage_load
 .text.pstorage_clear
                0x000000000001e8d8       0x84 ym/nrf51-sdk/source/nrf51-sdk.a(pstorage.c.o)
                0x000000000001e8d8                pstorage_clear
 .text.bootloader_util_app_start
                0x000000000001e95c       0x3c ym/nrf51-sdk/source/nrf51-sdk.a(bootloader_util.c.o)
                0x000000000001e95c                bootloader_util_app_start
 .text.gatts_context_store
                0x000000000001e998       0xb4 ym/nrf51-sdk/source/nrf51-sdk.a(device_manager_peripheral.c.o)
 .text.device_context_store
                0x000000000001ea4c       0xb0 ym/nrf51-sdk/source/nrf51-sdk.a(device_manager_peripheral.c.o)
 .text.gatts_context_apply
                0x000000000001eafc       0xc0 ym/nrf51-sdk/source/nrf51-sdk.a(device_manager_peripheral.c.o)
 .text.gatts_context_load
                0x000000000001ebbc       0x34 ym/nrf51-sdk/source/nrf51-sdk.a(device_manager_peripheral.c.o)
 .text.peer_instance_init
                0x000000000001ebf0       0x48 ym/nrf51-sdk/source/nrf51-sdk.a(device_manager_peripheral.c.o)
 .text.device_instance_free
                0x000000000001ec38       0x2c ym/nrf51-sdk/source/nrf51-sdk.a(device_manager_peripheral.c.o)
 .text.dm_pstorage_cb_handler
                0x000000000001ec64      0x124 ym/nrf51-sdk/source/nrf51-sdk.a(device_manager_peripheral.c.o)
 .text.dm_init  0x000000000001ed88       0xd4 ym/nrf51-sdk/source/nrf51-sdk.a(device_manager_peripheral.c.o)
                0x000000000001ed88                dm_init
 .text.dm_register
                0x000000000001ee5c       0x74 ym/nrf51-sdk/source/nrf51-sdk.a(device_manager_peripheral.c.o)
                0x000000000001ee5c                dm_register
 .text.dm_security_status_req
                0x000000000001eed0       0x70 ym/nrf51-sdk/source/nrf51-sdk.a(device_manager_peripheral.c.o)
                0x000000000001eed0                dm_security_status_req
 .text.dm_whitelist_create
                0x000000000001ef40       0xcc ym/nrf51-sdk/source/nrf51-sdk.a(device_manager_peripheral.c.o)
                0x000000000001ef40                dm_whitelist_create
 .text.dm_device_delete_all
                0x000000000001f00c       0x58 ym/nrf51-sdk/source/nrf51-sdk.a(device_manager_peripheral.c.o)
                0x000000000001f00c                dm_device_delete_all
 .text.dm_application_context_set
                0x000000000001f064        0x8 ym/nrf51-sdk/source/nrf51-sdk.a(device_manager_peripheral.c.o)
                0x000000000001f064                dm_application_context_set
 .text.dm_peer_addr_get
                0x000000000001f06c       0x84 ym/nrf51-sdk/source/nrf51-sdk.a(device_manager_peripheral.c.o)
                0x000000000001f06c                dm_peer_addr_get
 .text.dm_distributed_keys_get
                0x000000000001f0f0       0xb0 ym/nrf51-sdk/source/nrf51-sdk.a(device_manager_peripheral.c.o)
                0x000000000001f0f0                dm_distributed_keys_get
 .text.bond_data_load
                0x000000000001f1a0       0x48 ym/nrf51-sdk/source/nrf51-sdk.a(device_manager_peripheral.c.o)
                0x000000000001f1a0                bond_data_load
 .text.address_to_device_id
                0x000000000001f1e8       0x2c ym/nrf51-sdk/source/nrf51-sdk.a(device_manager_peripheral.c.o)
                0x000000000001f1e8                address_to_device_id
 .text.dm_ble_evt_handler
                0x000000000001f214      0x380 ym/nrf51-sdk/source/nrf51-sdk.a(device_manager_peripheral.c.o)
                0x000000000001f214                dm_ble_evt_handler
 .text.dm_handle_get
                0x000000000001f594       0x48 ym/nrf51-sdk/source/nrf51-sdk.a(device_manager_peripheral.c.o)
                0x000000000001f594                dm_handle_get
 .text.SWI1_IRQHandler
                0x000000000001f5dc       0x20 ym/nrf51-sdk/source/nrf51-sdk.a(ble_radio_notification.c.o)
                0x000000000001f5dc                SWI1_IRQHandler
 .text.ble_radio_notification_init
                0x000000000001f5fc       0x38 ym/nrf51-sdk/source/nrf51-sdk.a(ble_radio_notification.c.o)
                0x000000000001f5fc                ble_radio_notification_init
 .text._ZN4mbed11InterruptInD2Ev
                0x000000000001f634       0x18 ym/mbed-classic/existing/mbed-classic.a(InterruptIn.cpp.o)
                0x000000000001f634                mbed::InterruptIn::~InterruptIn()
                0x000000000001f634                mbed::InterruptIn::~InterruptIn()
 .text._ZN4mbed11InterruptInC2E7PinName
                0x000000000001f64c       0x48 ym/mbed-classic/existing/mbed-classic.a(InterruptIn.cpp.o)
                0x000000000001f64c                mbed::InterruptIn::InterruptIn(PinName)
                0x000000000001f64c                mbed::InterruptIn::InterruptIn(PinName)
 .text._ZN4mbed10TimerEventC2Ev
                0x000000000001f694       0x2c ym/mbed-classic/existing/mbed-classic.a(TimerEvent.cpp.o)
                0x000000000001f694                mbed::TimerEvent::TimerEvent()
                0x000000000001f694                mbed::TimerEvent::TimerEvent()
 .text._ZN4mbed10TimerEventD2Ev
                0x000000000001f6c0       0x18 ym/mbed-classic/existing/mbed-classic.a(TimerEvent.cpp.o)
                0x000000000001f6c0                mbed::TimerEvent::~TimerEvent()
                0x000000000001f6c0                mbed::TimerEvent::~TimerEvent()
 .text._ZN4mbed3I2CC2E7PinNameS1_
                0x000000000001f6d8       0x30 ym/mbed-classic/existing/mbed-classic.a(I2C.cpp.o)
                0x000000000001f6d8                mbed::I2C::I2C(PinName, PinName)
                0x000000000001f6d8                mbed::I2C::I2C(PinName, PinName)
 .text._ZN4mbed3I2C6aquireEv
                0x000000000001f708       0x1c ym/mbed-classic/existing/mbed-classic.a(I2C.cpp.o)
                0x000000000001f708                mbed::I2C::aquire()
 .text._ZN4mbed9RawSerialC2E7PinNameS1_
                0x000000000001f724       0x14 ym/mbed-classic/existing/mbed-classic.a(RawSerial.cpp.o)
                0x000000000001f724                mbed::RawSerial::RawSerial(PinName, PinName)
                0x000000000001f724                mbed::RawSerial::RawSerial(PinName, PinName)
 .text._sbrk    0x000000000001f738       0x28 ym/mbed-classic/existing/mbed-classic.a(retarget.cpp.o)
                0x000000000001f738                _sbrk
 .text._ZN4mbed10SerialBaseC2E7PinNameS1_
                0x000000000001f760       0x3c ym/mbed-classic/existing/mbed-classic.a(SerialBase.cpp.o)
                0x000000000001f760                mbed::SerialBase::SerialBase(PinName, PinName)
                0x000000000001f760                mbed::SerialBase::SerialBase(PinName, PinName)
 .text._ZN4mbed7TimeoutD2Ev
                0x000000000001f79c       0x1c ym/mbed-classic/existing/mbed-classic.a(Timeout.cpp.o)
                0x000000000001f79c                mbed::Timeout::~Timeout()
                0x000000000001f79c                mbed::Timeout::~Timeout()
 .text.get_us_ticker_data
                0x000000000001f7b8        0x8 ym/mbed-classic/existing/mbed-classic.a(us_ticker_api.c.o)
                0x000000000001f7b8                get_us_ticker_data
 .text.us_ticker_irq_handler
                0x000000000001f7c0       0x10 ym/mbed-classic/existing/mbed-classic.a(us_ticker_api.c.o)
                0x000000000001f7c0                us_ticker_irq_handler
 .text.set_time
                0x000000000001f7d0       0x28 ym/mbed-classic/existing/mbed-classic.a(rtc_time.c.o)
                0x000000000001f7d0                set_time
 .text.time     0x000000000001f7f8       0x3c ym/mbed-classic/existing/mbed-classic.a(rtc_time.c.o)
                0x000000000001f7f8                time
 .text.gpio_init
                0x000000000001f834       0x30 ym/mbed-classic/existing/mbed-classic.a(gpio_api.c.o)
                0x000000000001f834                gpio_init
 .text.twi_master_clear_bus
                0x000000000001f864       0xb4 ym/mbed-classic/existing/mbed-classic.a(twi_master.c.o)
 .text.twi_master_init_and_clear
                0x000000000001f918       0x74 ym/mbed-classic/existing/mbed-classic.a(twi_master.c.o)
                0x000000000001f918                twi_master_init_and_clear
 .text.tmr1_getCounter64
                0x000000000001f98c       0x50 ym/mbed-classic/existing/mbed-classic.a(us_ticker.c.o)
 .text.TIMER1_IRQHandler
                0x000000000001f9dc       0x50 ym/mbed-classic/existing/mbed-classic.a(us_ticker.c.o)
                0x000000000001f9dc                TIMER1_IRQHandler
 .text.us_ticker_init
                0x000000000001fa2c       0x8c ym/mbed-classic/existing/mbed-classic.a(us_ticker.c.o)
                0x000000000001fa2c                us_ticker_init
 .text.us_ticker_read
                0x000000000001fab8       0x18 ym/mbed-classic/existing/mbed-classic.a(us_ticker.c.o)
                0x000000000001fab8                us_ticker_read
 .text.us_ticker_set_interrupt
                0x000000000001fad0       0x54 ym/mbed-classic/existing/mbed-classic.a(us_ticker.c.o)
                0x000000000001fad0                us_ticker_set_interrupt
 .text.i2c_do_write
                0x000000000001fb24       0x28 ym/mbed-classic/existing/mbed-classic.a(i2c_api.c.o)
                0x000000000001fb24                i2c_do_write
 .text.i2c_do_read
                0x000000000001fb4c       0x3c ym/mbed-classic/existing/mbed-classic.a(i2c_api.c.o)
                0x000000000001fb4c                i2c_do_read
 .text.i2c_frequency
                0x000000000001fb88       0x48 ym/mbed-classic/existing/mbed-classic.a(i2c_api.c.o)
                0x000000000001fb88                i2c_frequency
 .text.twi_master_init
                0x000000000001fbd0       0x44 ym/mbed-classic/existing/mbed-classic.a(i2c_api.c.o)
                0x000000000001fbd0                twi_master_init
 .text.i2c_init
                0x000000000001fc14       0xc4 ym/mbed-classic/existing/mbed-classic.a(i2c_api.c.o)
                0x000000000001fc14                i2c_init
 .text.i2c_reset
                0x000000000001fcd8       0x30 ym/mbed-classic/existing/mbed-classic.a(i2c_api.c.o)
                0x000000000001fcd8                i2c_reset
 .text.i2c_stop
                0x000000000001fd08       0x34 ym/mbed-classic/existing/mbed-classic.a(i2c_api.c.o)
                0x000000000001fd08                i2c_stop
 .text.checkError
                0x000000000001fd3c       0x28 ym/mbed-classic/existing/mbed-classic.a(i2c_api.c.o)
                0x000000000001fd3c                checkError
 .text.serial_baud.part.0
                0x000000000001fd64       0x38 ym/mbed-classic/existing/mbed-classic.a(serial_api.c.o)
 .text.serial_init
                0x000000000001fd9c       0xb8 ym/mbed-classic/existing/mbed-classic.a(serial_api.c.o)
                0x000000000001fd9c                serial_init
 .text.serial_baud
                0x000000000001fe54       0x20 ym/mbed-classic/existing/mbed-classic.a(serial_api.c.o)
                0x000000000001fe54                serial_baud
 .text.UART0_IRQHandler
                0x000000000001fe74       0x4c ym/mbed-classic/existing/mbed-classic.a(serial_api.c.o)
                0x000000000001fe74                UART0_IRQHandler
 .text.serial_irq_handler
                0x000000000001fec0       0x18 ym/mbed-classic/existing/mbed-classic.a(serial_api.c.o)
                0x000000000001fec0                serial_irq_handler
 .text.TIMER2_IRQHandler
                0x000000000001fed8       0x68 ym/mbed-classic/existing/mbed-classic.a(pwmout_api.c.o)
                0x000000000001fed8                TIMER2_IRQHandler
 .text.port_init
                0x000000000001ff40       0x28 ym/mbed-classic/existing/mbed-classic.a(port_api.c.o)
                0x000000000001ff40                port_init
 .text.GPIOTE_IRQHandler
                0x000000000001ff68       0xf4 ym/mbed-classic/existing/mbed-classic.a(gpio_irq_api.c.o)
                0x000000000001ff68                GPIOTE_IRQHandler
 .text.gpio_irq_init
                0x000000000002005c       0x60 ym/mbed-classic/existing/mbed-classic.a(gpio_irq_api.c.o)
                0x000000000002005c                gpio_irq_init
 .text.gpio_irq_free
                0x00000000000200bc       0x10 ym/mbed-classic/existing/mbed-classic.a(gpio_irq_api.c.o)
                0x00000000000200bc                gpio_irq_free
 .text.gpio_irq_set
                0x00000000000200cc       0x9c ym/mbed-classic/existing/mbed-classic.a(gpio_irq_api.c.o)
                0x00000000000200cc                gpio_irq_set
 .text          0x0000000000020168       0x48 ym/mbed-classic/existing/mbed-classic.a(startup_NRF51822.S.obj)
                0x0000000000020168                Reset_Handler
                0x00000000000201a4                NMI_Handler
                0x00000000000201a6                HardFault_Handler
                0x00000000000201a8                SVC_Handler
                0x00000000000201aa                PendSV_Handler
                0x00000000000201ac                SysTick_Handler
                0x00000000000201ae                SPI0_TWI0_IRQHandler
                0x00000000000201ae                RTC0_IRQHandler
                0x00000000000201ae                POWER_CLOCK_IRQHandler
                0x00000000000201ae                LPCOMP_IRQHandler
                0x00000000000201ae                SWI4_IRQHandler
                0x00000000000201ae                TEMP_IRQHandler
                0x00000000000201ae                QDEC_IRQHandler
                0x00000000000201ae                SWI5_IRQHandler
                0x00000000000201ae                TIMER0_IRQHandler
                0x00000000000201ae                SWI0_IRQHandler
                0x00000000000201ae                ECB_IRQHandler
                0x00000000000201ae                Default_Handler
                0x00000000000201ae                ADC_IRQHandler
                0x00000000000201ae                SWI3_IRQHandler
                0x00000000000201ae                CCM_AAR_IRQHandler
                0x00000000000201ae                WDT_IRQHandler
                0x00000000000201ae                RNG_IRQHandler
                0x00000000000201ae                SPI1_TWI1_IRQHandler
                0x00000000000201ae                RTC1_IRQHandler
 .text.SystemInit
                0x00000000000201b0       0xac ym/mbed-classic/existing/mbed-classic.a(system_nrf51.c.o)
                0x00000000000201b0                SystemInit
 .text._ZSt15get_new_handlerv
                0x000000000002025c        0xc /usr/bin/../lib/gcc/arm-none-eabi/7.2.1/../../../../arm-none-eabi/lib/thumb/v6-m/libstdc++_nano.a(new_handler.o)
                0x000000000002025c                std::get_new_handler()
 .text          0x0000000000020268       0x14 /usr/bin/../lib/gcc/arm-none-eabi/7.2.1/thumb/v6-m/libgcc.a(_thumb1_case_uqi.o)
                0x0000000000020268                __gnu_thumb1_case_uqi
 .text          0x000000000002027c      0x114 /usr/bin/../lib/gcc/arm-none-eabi/7.2.1/thumb/v6-m/libgcc.a(_udivsi3.o)
                0x000000000002027c                __udivsi3
                0x000000000002027c                __aeabi_uidiv
                0x0000000000020388                __aeabi_uidivmod
 .text          0x0000000000020390      0x1d4 /usr/bin/../lib/gcc/arm-none-eabi/7.2.1/thumb/v6-m/libgcc.a(_divsi3.o)
                0x0000000000020390                __aeabi_idiv
                0x0000000000020390                __divsi3
                0x000000000002055c                __aeabi_idivmod
 .text          0x0000000000020564        0x4 /usr/bin/../lib/gcc/arm-none-eabi/7.2.1/thumb/v6-m/libgcc.a(_dvmd_tls.o)
                0x0000000000020564                __aeabi_ldiv0
                0x0000000000020564                __aeabi_idiv0
 .text          0x0000000000020568       0x74 /usr/bin/../lib/gcc/arm-none-eabi/7.2.1/thumb/v6-m/libgcc.a(_arm_cmpsf2.o)
                0x0000000000020568                __aeabi_cfrcmple
                0x0000000000020570                __aeabi_cfcmple
                0x0000000000020570                __aeabi_cfcmpeq
                0x0000000000020580                __aeabi_fcmpeq
                0x000000000002058c                __aeabi_fcmplt
                0x00000000000205a0                __aeabi_fcmple
                0x00000000000205b4                __aeabi_fcmpgt
                0x00000000000205c8                __aeabi_fcmpge
 .text          0x00000000000205dc       0x40 /usr/bin/../lib/gcc/arm-none-eabi/7.2.1/thumb/v6-m/libgcc.a(_aeabi_uldivmod.o)
                0x00000000000205dc                __aeabi_uldivmod
 .text          0x000000000002061c       0x30 /usr/bin/../lib/gcc/arm-none-eabi/7.2.1/thumb/v6-m/libgcc.a(_fixunssfsi.o)
                0x000000000002061c                __aeabi_f2uiz
                0x000000000002061c                __fixunssfsi
 .text          0x000000000002064c      0x184 /usr/bin/../lib/gcc/arm-none-eabi/7.2.1/thumb/v6-m/libgcc.a(_udivmoddi4.o)
                0x000000000002064c                __udivmoddi4
 .text          0x00000000000207d0      0x334 /usr/bin/../lib/gcc/arm-none-eabi/7.2.1/thumb/v6-m/libgcc.a(addsf3.o)
                0x00000000000207d0                __aeabi_fadd
 .text          0x0000000000020b04      0x224 /usr/bin/../lib/gcc/arm-none-eabi/7.2.1/thumb/v6-m/libgcc.a(divsf3.o)
                0x0000000000020b04                __aeabi_fdiv
 .text          0x0000000000020d28       0x50 /usr/bin/../lib/gcc/arm-none-eabi/7.2.1/thumb/v6-m/libgcc.a(eqsf2.o)
                0x0000000000020d28                __nesf2
                0x0000000000020d28                __eqsf2
 .text          0x0000000000020d78       0x9c /usr/bin/../lib/gcc/arm-none-eabi/7.2.1/thumb/v6-m/libgcc.a(gesf2.o)
                0x0000000000020d78                __gtsf2
                0x0000000000020d78                __gesf2
 .text          0x0000000000020e14       0xa0 /usr/bin/../lib/gcc/arm-none-eabi/7.2.1/thumb/v6-m/libgcc.a(lesf2.o)
                0x0000000000020e14                __lesf2
                0x0000000000020e14                __ltsf2
 .text          0x0000000000020eb4      0x264 /usr/bin/../lib/gcc/arm-none-eabi/7.2.1/thumb/v6-m/libgcc.a(mulsf3.o)
                0x0000000000020eb4                __aeabi_fmul
 .text          0x0000000000021118      0x388 /usr/bin/../lib/gcc/arm-none-eabi/7.2.1/thumb/v6-m/libgcc.a(subsf3.o)
                0x0000000000021118                __aeabi_fsub
 .text          0x00000000000214a0       0x40 /usr/bin/../lib/gcc/arm-none-eabi/7.2.1/thumb/v6-m/libgcc.a(fixsfsi.o)
                0x00000000000214a0                __aeabi_f2iz
 .text          0x00000000000214e0       0x94 /usr/bin/../lib/gcc/arm-none-eabi/7.2.1/thumb/v6-m/libgcc.a(floatsisf.o)
                0x00000000000214e0                __aeabi_i2f
 .text          0x0000000000021574       0x80 /usr/bin/../lib/gcc/arm-none-eabi/7.2.1/thumb/v6-m/libgcc.a(floatunsisf.o)
                0x0000000000021574                __aeabi_ui2f
 .text          0x00000000000215f4      0x638 /usr/bin/../lib/gcc/arm-none-eabi/7.2.1/thumb/v6-m/libgcc.a(adddf3.o)
                0x00000000000215f4                __aeabi_dadd
 .text          0x0000000000021c2c      0x604 /usr/bin/../lib/gcc/arm-none-eabi/7.2.1/thumb/v6-m/libgcc.a(divdf3.o)
                0x0000000000021c2c                __aeabi_ddiv
 .text          0x0000000000022230      0x4e4 /usr/bin/../lib/gcc/arm-none-eabi/7.2.1/thumb/v6-m/libgcc.a(muldf3.o)
                0x0000000000022230                __aeabi_dmul
 .text          0x0000000000022714      0x690 /usr/bin/../lib/gcc/arm-none-eabi/7.2.1/thumb/v6-m/libgcc.a(subdf3.o)
                0x0000000000022714                __aeabi_dsub
 .text          0x0000000000022da4       0x6c /usr/bin/../lib/gcc/arm-none-eabi/7.2.1/thumb/v6-m/libgcc.a(fixdfsi.o)
                0x0000000000022da4                __aeabi_d2iz
 .text          0x0000000000022e10       0x74 /usr/bin/../lib/gcc/arm-none-eabi/7.2.1/thumb/v6-m/libgcc.a(floatsidf.o)
                0x0000000000022e10                __aeabi_i2d
 .text          0x0000000000022e84       0xa4 /usr/bin/../lib/gcc/arm-none-eabi/7.2.1/thumb/v6-m/libgcc.a(extendsfdf2.o)
                0x0000000000022e84                __aeabi_f2d
 .text          0x0000000000022f28      0x108 /usr/bin/../lib/gcc/arm-none-eabi/7.2.1/thumb/v6-m/libgcc.a(truncdfsf2.o)
                0x0000000000022f28                __aeabi_d2f
 .text          0x0000000000023030       0x3c /usr/bin/../lib/gcc/arm-none-eabi/7.2.1/thumb/v6-m/libgcc.a(_clzsi2.o)
                0x0000000000023030                __clzsi2
 .text          0x000000000002306c       0x18 /usr/bin/../lib/gcc/arm-none-eabi/7.2.1/thumb/v6-m/libgcc.a(_clzdi2.o)
                0x000000000002306c                __clzdi2
 .text.atan     0x0000000000023084      0x328 /usr/bin/../lib/gcc/arm-none-eabi/7.2.1/../../../../arm-none-eabi/lib/thumb/v6-m/libm.a(lib_a-s_atan.o)
                0x0000000000023084                atan
 .text.fabs     0x00000000000233ac        0x8 /usr/bin/../lib/gcc/arm-none-eabi/7.2.1/../../../../arm-none-eabi/lib/thumb/v6-m/libm.a(lib_a-s_fabs.o)
                0x00000000000233ac                fabs
 .text.cosf     0x00000000000233b4       0x7c /usr/bin/../lib/gcc/arm-none-eabi/7.2.1/../../../../arm-none-eabi/lib/thumb/v6-m/libm.a(lib_a-sf_cos.o)
                0x00000000000233b4                cosf
 .text.sinf     0x0000000000023430       0x7c /usr/bin/../lib/gcc/arm-none-eabi/7.2.1/../../../../arm-none-eabi/lib/thumb/v6-m/libm.a(lib_a-sf_sin.o)
                0x0000000000023430                sinf
 .text.atan2    0x00000000000234ac        0x8 /usr/bin/../lib/gcc/arm-none-eabi/7.2.1/../../../../arm-none-eabi/lib/thumb/v6-m/libm.a(lib_a-w_atan2.o)
                0x00000000000234ac                atan2
 .text.atan2f   0x00000000000234b4        0x8 /usr/bin/../lib/gcc/arm-none-eabi/7.2.1/../../../../arm-none-eabi/lib/thumb/v6-m/libm.a(lib_a-wf_atan2.o)
                0x00000000000234b4                atan2f
 .text.__ieee754_atan2
                0x00000000000234bc      0x178 /usr/bin/../lib/gcc/arm-none-eabi/7.2.1/../../../../arm-none-eabi/lib/thumb/v6-m/libm.a(lib_a-e_atan2.o)
                0x00000000000234bc                __ieee754_atan2
 .text.__ieee754_atan2f
                0x0000000000023634      0x128 /usr/bin/../lib/gcc/arm-none-eabi/7.2.1/../../../../arm-none-eabi/lib/thumb/v6-m/libm.a(lib_a-ef_atan2.o)
                0x0000000000023634                __ieee754_atan2f
 .text.__ieee754_rem_pio2f
                0x000000000002375c      0x308 /usr/bin/../lib/gcc/arm-none-eabi/7.2.1/../../../../arm-none-eabi/lib/thumb/v6-m/libm.a(lib_a-ef_rem_pio2.o)
                0x000000000002375c                __ieee754_rem_pio2f
 .text.__kernel_cosf
                0x0000000000023a64      0x194 /usr/bin/../lib/gcc/arm-none-eabi/7.2.1/../../../../arm-none-eabi/lib/thumb/v6-m/libm.a(lib_a-kf_cos.o)
                0x0000000000023a64                __kernel_cosf
 .text.__kernel_rem_pio2f
                0x0000000000023bf8      0x700 /usr/bin/../lib/gcc/arm-none-eabi/7.2.1/../../../../arm-none-eabi/lib/thumb/v6-m/libm.a(lib_a-kf_rem_pio2.o)
                0x0000000000023bf8                __kernel_rem_pio2f
 .text.__kernel_sinf
                0x00000000000242f8       0xf4 /usr/bin/../lib/gcc/arm-none-eabi/7.2.1/../../../../arm-none-eabi/lib/thumb/v6-m/libm.a(lib_a-kf_sin.o)
                0x00000000000242f8                __kernel_sinf
 .text.atanf    0x00000000000243ec      0x228 /usr/bin/../lib/gcc/arm-none-eabi/7.2.1/../../../../arm-none-eabi/lib/thumb/v6-m/libm.a(lib_a-sf_atan.o)
                0x00000000000243ec                atanf
 .text.fabsf    0x0000000000024614        0x8 /usr/bin/../lib/gcc/arm-none-eabi/7.2.1/../../../../arm-none-eabi/lib/thumb/v6-m/libm.a(lib_a-sf_fabs.o)
                0x0000000000024614                fabsf
 .text.floorf   0x000000000002461c       0x94 /usr/bin/../lib/gcc/arm-none-eabi/7.2.1/../../../../arm-none-eabi/lib/thumb/v6-m/libm.a(lib_a-sf_floor.o)
                0x000000000002461c                floorf
 .text.scalbnf  0x00000000000246b0       0xc8 /usr/bin/../lib/gcc/arm-none-eabi/7.2.1/../../../../arm-none-eabi/lib/thumb/v6-m/libm.a(lib_a-sf_scalbn.o)
                0x00000000000246b0                scalbnf
 .text.copysignf
                0x0000000000024778        0xc /usr/bin/../lib/gcc/arm-none-eabi/7.2.1/../../../../arm-none-eabi/lib/thumb/v6-m/libm.a(lib_a-sf_copysign.o)
                0x0000000000024778                copysignf
 .text.__cxa_atexit
                0x0000000000024784       0x1c /usr/bin/../lib/gcc/arm-none-eabi/7.2.1/../../../../arm-none-eabi/lib/thumb/v6-m/libc_nano.a(lib_a-cxa_atexit.o)
                0x0000000000024784                __cxa_atexit
 .text.exit     0x00000000000247a0       0x2c /usr/bin/../lib/gcc/arm-none-eabi/7.2.1/../../../../arm-none-eabi/lib/thumb/v6-m/libc_nano.a(lib_a-exit.o)
                0x00000000000247a0                exit
 .text.__libc_init_array
                0x00000000000247cc       0x48 /usr/bin/../lib/gcc/arm-none-eabi/7.2.1/../../../../arm-none-eabi/lib/thumb/v6-m/libc_nano.a(lib_a-init.o)
                0x00000000000247cc                __libc_init_array
 .text.malloc   0x0000000000024814       0x14 /usr/bin/../lib/gcc/arm-none-eabi/7.2.1/../../../../arm-none-eabi/lib/thumb/v6-m/libc_nano.a(lib_a-malloc.o)
                0x0000000000024814                malloc
 .text.free     0x0000000000024828       0x14 /usr/bin/../lib/gcc/arm-none-eabi/7.2.1/../../../../arm-none-eabi/lib/thumb/v6-m/libc_nano.a(lib_a-malloc.o)
                0x0000000000024828                free
 .text._free_r  0x000000000002483c       0x94 /usr/bin/../lib/gcc/arm-none-eabi/7.2.1/../../../../arm-none-eabi/lib/thumb/v6-m/libc_nano.a(lib_a-nano-freer.o)
                0x000000000002483c                _free_r
 .text._malloc_r
                0x00000000000248d0       0xbc /usr/bin/../lib/gcc/arm-none-eabi/7.2.1/../../../../arm-none-eabi/lib/thumb/v6-m/libc_nano.a(lib_a-nano-mallocr.o)
                0x00000000000248d0                _malloc_r
 .text.srand    0x000000000002498c       0x48 /usr/bin/../lib/gcc/arm-none-eabi/7.2.1/../../../../arm-none-eabi/lib/thumb/v6-m/libc_nano.a(lib_a-rand.o)
                0x000000000002498c                srand
 .text.rand     0x00000000000249d4       0x64 /usr/bin/../lib/gcc/arm-none-eabi/7.2.1/../../../../arm-none-eabi/lib/thumb/v6-m/libc_nano.a(lib_a-rand.o)
                0x00000000000249d4                rand
 .text._sbrk_r  0x0000000000024a38       0x24 /usr/bin/../lib/gcc/arm-none-eabi/7.2.1/../../../../arm-none-eabi/lib/thumb/v6-m/libc_nano.a(lib_a-sbrkr.o)
                0x0000000000024a38                _sbrk_r
 .text.raise    0x0000000000024a5c       0x14 /usr/bin/../lib/gcc/arm-none-eabi/7.2.1/../../../../arm-none-eabi/lib/thumb/v6-m/libc_nano.a(lib_a-signal.o)
                0x0000000000024a5c                raise
 .text._kill_r  0x0000000000024a70       0x24 /usr/bin/../lib/gcc/arm-none-eabi/7.2.1/../../../../arm-none-eabi/lib/thumb/v6-m/libc_nano.a(lib_a-signalr.o)
                0x0000000000024a70                _kill_r
 .text.snprintf
                0x0000000000024a94       0x64 /usr/bin/../lib/gcc/arm-none-eabi/7.2.1/../../../../arm-none-eabi/lib/thumb/v6-m/libc_nano.a(lib_a-snprintf.o)
                0x0000000000024a94                snprintf
                0x0000000000024a94                sniprintf
 .text._strtol_l.isra.0
                0x0000000000024af8      0x104 /usr/bin/../lib/gcc/arm-none-eabi/7.2.1/../../../../arm-none-eabi/lib/thumb/v6-m/libc_nano.a(lib_a-strtol.o)
 .text.strtol   0x0000000000024bfc       0x28 /usr/bin/../lib/gcc/arm-none-eabi/7.2.1/../../../../arm-none-eabi/lib/thumb/v6-m/libc_nano.a(lib_a-strtol.o)
                0x0000000000024bfc                strtol
 .text.__ssputs_r
                0x0000000000024c24       0xc4 /usr/bin/../lib/gcc/arm-none-eabi/7.2.1/../../../../arm-none-eabi/lib/thumb/v6-m/libc_nano.a(lib_a-nano-svfprintf.o)
                0x0000000000024c24                __ssputs_r
 .text._svfprintf_r
                0x0000000000024ce8      0x1fc /usr/bin/../lib/gcc/arm-none-eabi/7.2.1/../../../../arm-none-eabi/lib/thumb/v6-m/libc_nano.a(lib_a-nano-svfprintf.o)
                0x0000000000024ce8                _svfprintf_r
                0x0000000000024ce8                _svfiprintf_r
 .text._printf_i
                0x0000000000024ee4      0x210 /usr/bin/../lib/gcc/arm-none-eabi/7.2.1/../../../../arm-none-eabi/lib/thumb/v6-m/libc_nano.a(lib_a-nano-vfprintf_i.o)